Component: ARM Compiler 5.06 update 1 (build 61) Tool: armlink [4d35a8]

==============================================================================

Section Cross References

    stm32f4_discovery.o(i.ACCELERO_IO_ITConfig) refers to stm32f4xx_hal_gpio.o(i.HAL_GPIO_Init) for HAL_GPIO_Init
    stm32f4_discovery.o(i.ACCELERO_IO_ITConfig) refers to stm32f4xx_hal_cortex.o(i.HAL_NVIC_SetPriority) for HAL_NVIC_SetPriority
    stm32f4_discovery.o(i.ACCELERO_IO_ITConfig) refers to stm32f4xx_hal_cortex.o(i.HAL_NVIC_EnableIRQ) for HAL_NVIC_EnableIRQ
    stm32f4_discovery.o(i.ACCELERO_IO_Init) refers to stm32f4xx_hal_gpio.o(i.HAL_GPIO_Init) for HAL_GPIO_Init
    stm32f4_discovery.o(i.ACCELERO_IO_Init) refers to stm32f4xx_hal_gpio.o(i.HAL_GPIO_WritePin) for HAL_GPIO_WritePin
    stm32f4_discovery.o(i.ACCELERO_IO_Init) refers to stm32f4_discovery.o(i.SPIx_Init) for SPIx_Init
    stm32f4_discovery.o(i.ACCELERO_IO_Read) refers to stm32f4xx_hal_gpio.o(i.HAL_GPIO_WritePin) for HAL_GPIO_WritePin
    stm32f4_discovery.o(i.ACCELERO_IO_Read) refers to stm32f4xx_hal_spi.o(i.HAL_SPI_TransmitReceive) for HAL_SPI_TransmitReceive
    stm32f4_discovery.o(i.ACCELERO_IO_Read) refers to stm32f4xx_hal_spi.o(i.HAL_SPI_DeInit) for HAL_SPI_DeInit
    stm32f4_discovery.o(i.ACCELERO_IO_Read) refers to stm32f4_discovery.o(i.SPIx_Init) for SPIx_Init
    stm32f4_discovery.o(i.ACCELERO_IO_Read) refers to stm32f4_discovery.o(.data) for .data
    stm32f4_discovery.o(i.ACCELERO_IO_Read) refers to stm32f4_discovery.o(.bss) for .bss
    stm32f4_discovery.o(i.ACCELERO_IO_Write) refers to stm32f4xx_hal_gpio.o(i.HAL_GPIO_WritePin) for HAL_GPIO_WritePin
    stm32f4_discovery.o(i.ACCELERO_IO_Write) refers to stm32f4xx_hal_spi.o(i.HAL_SPI_TransmitReceive) for HAL_SPI_TransmitReceive
    stm32f4_discovery.o(i.ACCELERO_IO_Write) refers to stm32f4xx_hal_spi.o(i.HAL_SPI_DeInit) for HAL_SPI_DeInit
    stm32f4_discovery.o(i.ACCELERO_IO_Write) refers to stm32f4_discovery.o(i.SPIx_Init) for SPIx_Init
    stm32f4_discovery.o(i.ACCELERO_IO_Write) refers to stm32f4_discovery.o(.data) for .data
    stm32f4_discovery.o(i.ACCELERO_IO_Write) refers to stm32f4_discovery.o(.bss) for .bss
    stm32f4_discovery.o(i.AUDIO_IO_Init) refers to stm32f4xx_hal_gpio.o(i.HAL_GPIO_Init) for HAL_GPIO_Init
    stm32f4_discovery.o(i.AUDIO_IO_Init) refers to stm32f4_discovery.o(i.I2Cx_Init) for I2Cx_Init
    stm32f4_discovery.o(i.AUDIO_IO_Init) refers to stm32f4xx_hal_gpio.o(i.HAL_GPIO_WritePin) for HAL_GPIO_WritePin
    stm32f4_discovery.o(i.AUDIO_IO_Init) refers to stm32f4xx_hal.o(i.HAL_Delay) for HAL_Delay
    stm32f4_discovery.o(i.AUDIO_IO_Read) refers to stm32f4xx_hal_i2c.o(i.HAL_I2C_Mem_Read) for HAL_I2C_Mem_Read
    stm32f4_discovery.o(i.AUDIO_IO_Read) refers to stm32f4xx_hal_i2c.o(i.HAL_I2C_DeInit) for HAL_I2C_DeInit
    stm32f4_discovery.o(i.AUDIO_IO_Read) refers to stm32f4_discovery.o(i.I2Cx_Init) for I2Cx_Init
    stm32f4_discovery.o(i.AUDIO_IO_Read) refers to stm32f4_discovery.o(.data) for .data
    stm32f4_discovery.o(i.AUDIO_IO_Read) refers to stm32f4_discovery.o(.bss) for .bss
    stm32f4_discovery.o(i.AUDIO_IO_Write) refers to stm32f4xx_hal_i2c.o(i.HAL_I2C_Mem_Write) for HAL_I2C_Mem_Write
    stm32f4_discovery.o(i.AUDIO_IO_Write) refers to stm32f4xx_hal_i2c.o(i.HAL_I2C_DeInit) for HAL_I2C_DeInit
    stm32f4_discovery.o(i.AUDIO_IO_Write) refers to stm32f4_discovery.o(i.I2Cx_Init) for I2Cx_Init
    stm32f4_discovery.o(i.AUDIO_IO_Write) refers to stm32f4_discovery.o(.data) for .data
    stm32f4_discovery.o(i.AUDIO_IO_Write) refers to stm32f4_discovery.o(.bss) for .bss
    stm32f4_discovery.o(i.BSP_LED_Init) refers to stm32f4xx_hal_gpio.o(i.HAL_GPIO_Init) for HAL_GPIO_Init
    stm32f4_discovery.o(i.BSP_LED_Init) refers to stm32f4xx_hal_gpio.o(i.HAL_GPIO_WritePin) for HAL_GPIO_WritePin
    stm32f4_discovery.o(i.BSP_LED_Init) refers to stm32f4_discovery.o(.constdata) for .constdata
    stm32f4_discovery.o(i.BSP_LED_Init) refers to stm32f4_discovery.o(.data) for .data
    stm32f4_discovery.o(i.BSP_LED_Off) refers to stm32f4xx_hal_gpio.o(i.HAL_GPIO_WritePin) for HAL_GPIO_WritePin
    stm32f4_discovery.o(i.BSP_LED_Off) refers to stm32f4_discovery.o(.constdata) for .constdata
    stm32f4_discovery.o(i.BSP_LED_Off) refers to stm32f4_discovery.o(.data) for .data
    stm32f4_discovery.o(i.BSP_LED_On) refers to stm32f4xx_hal_gpio.o(i.HAL_GPIO_WritePin) for HAL_GPIO_WritePin
    stm32f4_discovery.o(i.BSP_LED_On) refers to stm32f4_discovery.o(.constdata) for .constdata
    stm32f4_discovery.o(i.BSP_LED_On) refers to stm32f4_discovery.o(.data) for .data
    stm32f4_discovery.o(i.BSP_LED_Toggle) refers to stm32f4xx_hal_gpio.o(i.HAL_GPIO_TogglePin) for HAL_GPIO_TogglePin
    stm32f4_discovery.o(i.BSP_LED_Toggle) refers to stm32f4_discovery.o(.constdata) for .constdata
    stm32f4_discovery.o(i.BSP_LED_Toggle) refers to stm32f4_discovery.o(.data) for .data
    stm32f4_discovery.o(i.BSP_PB_GetState) refers to stm32f4xx_hal_gpio.o(i.HAL_GPIO_ReadPin) for HAL_GPIO_ReadPin
[...]
    Removing stm32f4xx_hal_tim.o(i.TIM_DMAPeriodElapsedCplt), (16 bytes).
    Removing stm32f4xx_hal_tim.o(i.TIM_DMATriggerCplt), (16 bytes).
    Removing stm32f4xx_hal_tim.o(i.TIM_OC2_SetConfig), (104 bytes).
    Removing stm32f4xx_hal_tim.o(i.TIM_SlaveTimer_SetConfig), (216 bytes).
    Removing stm32f4xx_hal_tim.o(i.TIM_TI1_SetConfig), (144 bytes).
    Removing stm32f4xx_hal_tim_ex.o(.rev16_text), (4 bytes).
    Removing stm32f4xx_hal_tim_ex.o(.revsh_text), (4 bytes).
    Removing stm32f4xx_hal_tim_ex.o(.rrx_text), (6 bytes).
    Removing stm32f4xx_hal_tim_ex.o(i.HAL_TIMEx_BreakCallback), (2 bytes).
    Removing stm32f4xx_hal_tim_ex.o(i.HAL_TIMEx_CommutationCallback), (2 bytes).
    Removing stm32f4xx_hal_tim_ex.o(i.HAL_TIMEx_ConfigBreakDeadTime), (86 bytes).
    Removing stm32f4xx_hal_tim_ex.o(i.HAL_TIMEx_ConfigCommutationEvent), (98 bytes).
    Removing stm32f4xx_hal_tim_ex.o(i.HAL_TIMEx_ConfigCommutationEvent_DMA), (128 bytes).
    Removing stm32f4xx_hal_tim_ex.o(i.HAL_TIMEx_ConfigCommutationEvent_IT), (108 bytes).
    Removing stm32f4xx_hal_tim_ex.o(i.HAL_TIMEx_HallSensor_DeInit), (56 bytes).
    Removing stm32f4xx_hal_tim_ex.o(i.HAL_TIMEx_HallSensor_GetState), (6 bytes).
    Removing stm32f4xx_hal_tim_ex.o(i.HAL_TIMEx_HallSensor_Init), (178 bytes).
    Removing stm32f4xx_hal_tim_ex.o(i.HAL_TIMEx_HallSensor_MspDeInit), (2 bytes).
    Removing stm32f4xx_hal_tim_ex.o(i.HAL_TIMEx_HallSensor_MspInit), (2 bytes).
    Removing stm32f4xx_hal_tim_ex.o(i.HAL_TIMEx_HallSensor_Start), (28 bytes).
    Removing stm32f4xx_hal_tim_ex.o(i.HAL_TIMEx_HallSensor_Start_DMA), (112 bytes).
    Removing stm32f4xx_hal_tim_ex.o(i.HAL_TIMEx_HallSensor_Start_IT), (38 bytes).
    Removing stm32f4xx_hal_tim_ex.o(i.HAL_TIMEx_HallSensor_Stop), (46 bytes).
    Removing stm32f4xx_hal_tim_ex.o(i.HAL_TIMEx_HallSensor_Stop_DMA), (56 bytes).
    Removing stm32f4xx_hal_tim_ex.o(i.HAL_TIMEx_HallSensor_Stop_IT), (56 bytes).
    Removing stm32f4xx_hal_tim_ex.o(i.HAL_TIMEx_MasterConfigSynchronization), (100 bytes).
    Removing stm32f4xx_hal_tim_ex.o(i.HAL_TIMEx_OCN_Start), (44 bytes).
    Removing stm32f4xx_hal_tim_ex.o(i.HAL_TIMEx_OCN_Start_DMA), (244 bytes).
    Removing stm32f4xx_hal_tim_ex.o(i.HAL_TIMEx_OCN_Start_IT), (106 bytes).
    Removing stm32f4xx_hal_tim_ex.o(i.HAL_TIMEx_OCN_Stop), (104 bytes).
    Removing stm32f4xx_hal_tim_ex.o(i.HAL_TIMEx_OCN_Stop_DMA), (166 bytes).
    Removing stm32f4xx_hal_tim_ex.o(i.HAL_TIMEx_OCN_Stop_IT), (176 bytes).
    Removing stm32f4xx_hal_tim_ex.o(i.HAL_TIMEx_OnePulseN_Start), (34 bytes).
    Removing stm32f4xx_hal_tim_ex.o(i.HAL_TIMEx_OnePulseN_Start_IT), (54 bytes).
    Removing stm32f4xx_hal_tim_ex.o(i.HAL_TIMEx_OnePulseN_Stop), (104 bytes).
    Removing stm32f4xx_hal_tim_ex.o(i.HAL_TIMEx_OnePulseN_Stop_IT), (124 bytes).
    Removing stm32f4xx_hal_tim_ex.o(i.HAL_TIMEx_PWMN_Start), (44 bytes).
    Removing stm32f4xx_hal_tim_ex.o(i.HAL_TIMEx_PWMN_Start_DMA), (244 bytes).
    Removing stm32f4xx_hal_tim_ex.o(i.HAL_TIMEx_PWMN_Start_IT), (106 bytes).
    Removing stm32f4xx_hal_tim_ex.o(i.HAL_TIMEx_PWMN_Stop), (104 bytes).
    Removing stm32f4xx_hal_tim_ex.o(i.HAL_TIMEx_PWMN_Stop_DMA), (166 bytes).
    Removing stm32f4xx_hal_tim_ex.o(i.HAL_TIMEx_PWMN_Stop_IT), (176 bytes).
    Removing stm32f4xx_hal_tim_ex.o(i.HAL_TIMEx_RemapConfig), (32 bytes).
    Removing stm32f4xx_hal_tim_ex.o(i.TIMEx_DMACommutationCplt), (16 bytes).
    Removing stm32f4xx_hal_uart.o(.rev16_text), (4 bytes).
    Removing stm32f4xx_hal_uart.o(.revsh_text), (4 bytes).
    Removing stm32f4xx_hal_uart.o(.rrx_text), (6 bytes).
    Removing stm32f4xx_hal_uart.o(i.HAL_HalfDuplex_EnableReceiver), (54 bytes).
    Removing stm32f4xx_hal_uart.o(i.HAL_HalfDuplex_EnableTransmitter), (54 bytes).
    Removing stm32f4xx_hal_uart.o(i.HAL_HalfDuplex_Init), (108 bytes).
    Removing stm32f4xx_hal_uart.o(i.HAL_LIN_Init), (128 bytes).
    Removing stm32f4xx_hal_uart.o(i.HAL_LIN_SendBreak), (50 bytes).
    Removing stm32f4xx_hal_uart.o(i.HAL_MultiProcessor_EnterMuteMode), (50 bytes).
    Removing stm32f4xx_hal_uart.o(i.HAL_MultiProcessor_ExitMuteMode), (50 bytes).
    Removing stm32f4xx_hal_uart.o(i.HAL_MultiProcessor_Init), (142 bytes).
    Removing stm32f4xx_hal_uart.o(i.HAL_UART_DMAPause), (100 bytes).
    Removing stm32f4xx_hal_uart.o(i.HAL_UART_DMAResume), (96 bytes).
    Removing stm32f4xx_hal_uart.o(i.HAL_UART_DMAStop), (120 bytes).
    Removing stm32f4xx_hal_uart.o(i.HAL_UART_DeInit), (42 bytes).
    Removing stm32f4xx_hal_uart.o(i.HAL_UART_ErrorCallback), (2 bytes).
    Removing stm32f4xx_hal_uart.o(i.HAL_UART_GetError), (4 bytes).
    Removing stm32f4xx_hal_uart.o(i.HAL_UART_GetState), (12 bytes).
    Removing stm32f4xx_hal_uart.o(i.HAL_UART_IRQHandler), (660 bytes).
    Removing stm32f4xx_hal_uart.o(i.HAL_UART_MspDeInit), (2 bytes).
    Removing stm32f4xx_hal_uart.o(i.HAL_UART_MspInit), (2 bytes).
    Removing stm32f4xx_hal_uart.o(i.HAL_UART_Receive), (278 bytes).
    Removing stm32f4xx_hal_uart.o(i.HAL_UART_Receive_DMA), (148 bytes).
    Removing stm32f4xx_hal_uart.o(i.HAL_UART_Receive_IT), (74 bytes).
    Removing stm32f4xx_hal_uart.o(i.HAL_UART_RxCpltCallback), (2 bytes).
    Removing stm32f4xx_hal_uart.o(i.HAL_UART_RxHalfCpltCallback), (2 bytes).
    Removing stm32f4xx_hal_uart.o(i.HAL_UART_Transmit), (290 bytes).
    Removing stm32f4xx_hal_uart.o(i.HAL_UART_Transmit_DMA), (132 bytes).
    Removing stm32f4xx_hal_uart.o(i.HAL_UART_Transmit_IT), (64 bytes).
    Removing stm32f4xx_hal_uart.o(i.HAL_UART_TxCpltCallback), (2 bytes).
    Removing stm32f4xx_hal_uart.o(i.HAL_UART_TxHalfCpltCallback), (2 bytes).
    Removing stm32f4xx_hal_uart.o(i.UART_DMAAbortOnError), (16 bytes).
    Removing stm32f4xx_hal_uart.o(i.UART_DMAError), (110 bytes).
    Removing stm32f4xx_hal_uart.o(i.UART_DMAReceiveCplt), (62 bytes).
    Removing stm32f4xx_hal_uart.o(i.UART_DMARxHalfCplt), (10 bytes).
    Removing stm32f4xx_hal_uart.o(i.UART_DMATransmitCplt), (48 bytes).
    Removing stm32f4xx_hal_uart.o(i.UART_DMATxHalfCplt), (10 bytes).
    Removing stm32f4xx_hal_uart.o(i.UART_WaitOnFlagUntilTimeout), (100 bytes).
    Removing stm32f4xx_hal_usart.o(.rev16_text), (4 bytes).
    Removing stm32f4xx_hal_usart.o(.revsh_text), (4 bytes).
    Removing stm32f4xx_hal_usart.o(.rrx_text), (6 bytes).
    Removing stm32f4xx_hal_wwdg.o(.rev16_text), (4 bytes).
    Removing stm32f4xx_hal_wwdg.o(.revsh_text), (4 bytes).
    Removing stm32f4xx_hal_wwdg.o(.rrx_text), (6 bytes).
    Removing stm32f4xx_ll_fmc.o(.rev16_text), (4 bytes).
    Removing stm32f4xx_ll_fmc.o(.revsh_text), (4 bytes).
    Removing stm32f4xx_ll_fmc.o(.rrx_text), (6 bytes).
    Removing stm32f4xx_ll_fsmc.o(.rev16_text), (4 bytes).
    Removing stm32f4xx_ll_fsmc.o(.revsh_text), (4 bytes).
    Removing stm32f4xx_ll_fsmc.o(.rrx_text), (6 bytes).
    Removing stm32f4xx_ll_sdmmc.o(.rev16_text), (4 bytes).
    Removing stm32f4xx_ll_sdmmc.o(.revsh_text), (4 bytes).
    Removing stm32f4xx_ll_sdmmc.o(.rrx_text), (6 bytes).
    Removing stm32f4xx_ll_sdmmc.o(i.SDIO_GetDataCounter), (4 bytes).
    Removing stm32f4xx_ll_sdmmc.o(i.SDIO_GetFIFOCount), (6 bytes).
    Removing stm32f4xx_ll_sdmmc.o(i.SDIO_PowerState_OFF), (8 bytes).
    Removing stm32f4xx_ll_sdmmc.o(i.SDIO_SetSDIOReadWaitMode), (12 bytes).
    Removing stm32f4xx_ll_usb.o(.rev16_text), (4 bytes).
    Removing stm32f4xx_ll_usb.o(.revsh_text), (4 bytes).
    Removing stm32f4xx_ll_usb.o(.rrx_text), (6 bytes).
    Removing system_stm32f4xx.o(.rev16_text), (4 bytes).
    Removing system_stm32f4xx.o(.revsh_text), (4 bytes).
    Removing system_stm32f4xx.o(.rrx_text), (6 bytes).
    Removing system_stm32f4xx.o(i.SystemCoreClockUpdate), (132 bytes).
    Removing dadd.o(.text), (334 bytes).
    Removing dmul.o(.text), (228 bytes).
    Removing ddiv.o(.text), (222 bytes).
    Removing dfixul.o(.text), (48 bytes).
    Removing cdrcmple.o(.text), (48 bytes).
    Removing depilogue.o(.text), (186 bytes).

732 unused section(s) (total 58991 bytes) removed from the image.

==============================================================================

Image Symbol Table

    Local Symbols

    Symbol Name                              Value     Ov Type        Size  Object(Section)

    ../clib/microlib/division.c              0x00000000   Number         0  uldiv.o ABSOLUTE
    ../clib/microlib/division.c              0x00000000   Number         0  uidiv.o ABSOLUTE
    ../clib/microlib/init/entry.s            0x00000000   Number         0  entry9b.o ABSOLUTE
    ../clib/microlib/init/entry.s            0x00000000   Number         0  entry11b.o ABSOLUTE
    ../clib/microlib/init/entry.s            0x00000000   Number         0  entry11a.o ABSOLUTE
    ../clib/microlib/init/entry.s            0x00000000   Number         0  entry10b.o ABSOLUTE
    ../clib/microlib/init/entry.s            0x00000000   Number         0  entry.o ABSOLUTE
    ../clib/microlib/init/entry.s            0x00000000   Number         0  entry10a.o ABSOLUTE
    ../clib/microlib/init/entry.s            0x00000000   Number         0  entry2.o ABSOLUTE
    ../clib/microlib/init/entry.s            0x00000000   Number         0  entry5.o ABSOLUTE
    ../clib/microlib/init/entry.s            0x00000000   Number         0  entry7a.o ABSOLUTE
    ../clib/microlib/init/entry.s            0x00000000   Number         0  entry7b.o ABSOLUTE
    ../clib/microlib/init/entry.s            0x00000000   Number         0  entry8a.o ABSOLUTE
    ../clib/microlib/init/entry.s            0x00000000   Number         0  entry8b.o ABSOLUTE
    ../clib/microlib/init/entry.s            0x00000000   Number         0  entry9a.o ABSOLUTE
    ../clib/microlib/longlong.c              0x00000000   Number         0  llsshr.o ABSOLUTE
    ../clib/microlib/longlong.c              0x00000000   Number         0  llushr.o ABSOLUTE
    ../clib/microlib/longlong.c              0x00000000   Number         0  llshl.o ABSOLUTE
    ../clib/microlib/printf/printf.c         0x00000000   Number         0  printfb.o ABSOLUTE
    ../clib/microlib/printf/printf.c         0x00000000   Number         0  printf3.o ABSOLUTE
    ../clib/microlib/printf/printf.c         0x00000000   Number         0  printf2.o ABSOLUTE
    ../clib/microlib/printf/printf.c         0x00000000   Number         0  printf8.o ABSOLUTE
    ../clib/microlib/printf/printf.c         0x00000000   Number         0  printfa.o ABSOLUTE
    ../clib/microlib/printf/printf.c         0x00000000   Number         0  printf7.o ABSOLUTE
    ../clib/microlib/printf/printf.c         0x00000000   Number         0  printf6.o ABSOLUTE
    ../clib/microlib/printf/printf.c         0x00000000   Number         0  printf5.o ABSOLUTE
    ../clib/microlib/printf/printf.c         0x00000000   Number         0  printf4.o ABSOLUTE
    ../clib/microlib/printf/printf.c         0x00000000   Number         0  printf1.o ABSOLUTE
    ../clib/microlib/printf/printf.c         0x00000000   Number         0  printf0.o ABSOLUTE
    ../clib/microlib/stdio/streams.c         0x00000000   Number         0  stdout.o ABSOLUTE
    ../clib/microlib/stubs.s                 0x00000000   Number         0  iusefp.o ABSOLUTE
    ../fplib/microlib/fpadd.c                0x00000000   Number         0  dadd.o ABSOLUTE
    ../fplib/microlib/fpdiv.c                0x00000000   Number         0  ddiv.o ABSOLUTE
    ../fplib/microlib/fpepilogue.c           0x00000000   Number         0  depilogue.o ABSOLUTE
    ../fplib/microlib/fpfix.c                0x00000000   Number         0  dfixul.o ABSOLUTE
    ../fplib/microlib/fpmul.c                0x00000000   Number         0  dmul.o ABSOLUTE
    ..\..\..\..\..\Drivers\BSP\STM32F4-Discovery\stm32f4_discovery.c 0x00000000   Number         0  stm32f4_discovery.o ABSOLUTE
    ..\..\..\..\..\Drivers\STM32F4xx_HAL_Driver\Src\stm32f4xx_hal.c 0x00000000   Number         0  stm32f4xx_hal.o ABSOLUTE
    ..\..\..\..\..\Drivers\STM32F4xx_HAL_Driver\Src\stm32f4xx_hal_adc.c 0x00000000   Number         0  stm32f4xx_hal_adc.o ABSOLUTE
    ..\..\..\..\..\Drivers\STM32F4xx_HAL_Driver\Src\stm32f4xx_hal_adc_ex.c 0x00000000   Number         0  stm32f4xx_hal_adc_ex.o ABSOLUTE
    ..\..\..\..\..\Drivers\STM32F4xx_HAL_Driver\Src\stm32f4xx_hal_can.c 0x00000000   Number         0  stm32f4xx_hal_can.o ABSOLUTE
    ..\..\..\..\..\Drivers\STM32F4xx_HAL_Driver\Src\stm32f4xx_hal_cec.c 0x00000000   Number         0  stm32f4xx_hal_cec.o ABSOLUTE
    ..\..\..\..\..\Drivers\STM32F4xx_HAL_Driver\Src\stm32f4xx_hal_cortex.c 0x00000000   Number         0  stm32f4xx_hal_cortex.o ABSOLUTE
    ..\..\..\..\..\Drivers\STM32F4xx_HAL_Driver\Src\stm32f4xx_hal_crc.c 0x00000000   Number         0  stm32f4xx_hal_crc.o ABSOLUTE
    ..\..\..\..\..\Drivers\STM32F4xx_HAL_Driver\Src\stm32f4xx_hal_cryp.c 0x00000000   Number         0  stm32f4xx_hal_cryp.o ABSOLUTE
    ..\..\..\..\..\Drivers\STM32F4xx_HAL_Driver\Src\stm32f4xx_hal_cryp_ex.c 0x00000000   Number         0  stm32f4xx_hal_cryp_ex.o ABSOLUTE
    ..\..\..\..\..\Drivers\STM32F4xx_HAL_Driver\Src\stm32f4xx_hal_dac.c 0x00000000   Number         0  stm32f4xx_hal_dac.o ABSOLUTE
    ..\..\..\..\..\Drivers\STM32F4xx_HAL_Driver\Src\stm32f4xx_hal_dac_ex.c 0x00000000   Number         0  stm32f4xx_hal_dac_ex.o ABSOLUTE
    ..\..\..\..\..\Drivers\STM32F4xx_HAL_Driver\Src\stm32f4xx_hal_dcmi.c 0x00000000   Number         0  stm32f4xx_hal_dcmi.o ABSOLUTE
    ..\..\..\..\..\Drivers\STM32F4xx_HAL_Driver\Src\stm32f4xx_hal_dcmi_ex.c 0x00000000   Number         0  stm32f4xx_hal_dcmi_ex.o ABSOLUTE
    ..\..\..\..\..\Drivers\STM32F4xx_HAL_Driver\Src\stm32f4xx_hal_dfsdm.c 0x00000000   Number         0  stm32f4xx_hal_dfsdm.o ABSOLUTE
    ..\..\..\..\..\Drivers\STM32F4xx_HAL_Driver\Src\stm32f4xx_hal_dma.c 0x00000000   Number         0  stm32f4xx_hal_dma.o ABSOLUTE
    ..\..\..\..\..\Drivers\STM32F4xx_HAL_Driver\Src\stm32f4xx_hal_dma2d.c 0x00000000   Number         0  stm32f4xx_hal_dma2d.o ABSOLUTE
    ..\..\..\..\..\Drivers\STM32F4xx_HAL_Driver\Src\stm32f4xx_hal_dma_ex.c 0x00000000   Number         0  stm32f4xx_hal_dma_ex.o ABSOLUTE
    ..\..\..\..\..\Drivers\STM32F4xx_HAL_Driver\Src\stm32f4xx_hal_dsi.c 0x00000000   Number         0  stm32f4xx_hal_dsi.o ABSOLUTE
    ..\..\..\..\..\Drivers\STM32F4xx_HAL_Driver\Src\stm32f4xx_hal_eth.c 0x00000000   Number         0  stm32f4xx_hal_eth.o ABSOLUTE
    ..\..\..\..\..\Drivers\STM32F4xx_HAL_Driver\Src\stm32f4xx_hal_flash.c 0x00000000   Number         0  stm32f4xx_hal_flash.o ABSOLUTE
    ..\..\..\..\..\Drivers\STM32F4xx_HAL_Driver\Src\stm32f4xx_hal_flash_ex.c 0x00000000   Number         0  stm32f4xx_hal_flash_ex.o ABSOLUTE
    ..\..\..\..\..\Drivers\STM32F4xx_HAL_Driver\Src\stm32f4xx_hal_flash_ramfunc.c 0x00000000   Number         0  stm32f4xx_hal_flash_ramfunc.o ABSOLUTE
    ..\..\..\..\..\Drivers\STM32F4xx_HAL_Driver\Src\stm32f4xx_hal_fmpi2c.c 0x00000000   Number         0  stm32f4xx_hal_fmpi2c.o ABSOLUTE
    ..\..\..\..\..\Drivers\STM32F4xx_HAL_Driver\Src\stm32f4xx_hal_fmpi2c_ex.c 0x00000000   Number         0  stm32f4xx_hal_fmpi2c_ex.o ABSOLUTE
    ..\..\..\..\..\Drivers\STM32F4xx_HAL_Driver\Src\stm32f4xx_hal_gpio.c 0x00000000   Number         0  stm32f4xx_hal_gpio.o ABSOLUTE
    ..\..\..\..\..\Drivers\STM32F4xx_HAL_Driver\Src\stm32f4xx_hal_hash.c 0x00000000   Number         0  stm32f4xx_hal_hash.o ABSOLUTE
    ..\..\..\..\..\Drivers\STM32F4xx_HAL_Driver\Src\stm32f4xx_hal_hash_ex.c 0x00000000   Number         0  stm32f4xx_hal_hash_ex.o ABSOLUTE
    ..\..\..\..\..\Drivers\STM32F4xx_HAL_Driver\Src\stm32f4xx_hal_hcd.c 0x00000000   Number         0  stm32f4xx_hal_hcd.o ABSOLUTE
    ..\..\..\..\..\Drivers\STM32F4xx_HAL_Driver\Src\stm32f4xx_hal_i2c.c 0x00000000   Number         0  stm32f4xx_hal_i2c.o ABSOLUTE
    ..\..\..\..\..\Drivers\STM32F4xx_HAL_Driver\Src\stm32f4xx_hal_i2c_ex.c 0x00000000   Number         0  stm32f4xx_hal_i2c_ex.o ABSOLUTE
    ..\..\..\..\..\Drivers\STM32F4xx_HAL_Driver\Src\stm32f4xx_hal_i2s.c 0x00000000   Number         0  stm32f4xx_hal_i2s.o ABSOLUTE
    ..\..\..\..\..\Drivers\STM32F4xx_HAL_Driver\Src\stm32f4xx_hal_i2s_ex.c 0x00000000   Number         0  stm32f4xx_hal_i2s_ex.o ABSOLUTE
    ..\..\..\..\..\Drivers\STM32F4xx_HAL_Driver\Src\stm32f4xx_hal_irda.c 0x00000000   Number         0  stm32f4xx_hal_irda.o ABSOLUTE
    ..\..\..\..\..\Drivers\STM32F4xx_HAL_Driver\Src\stm32f4xx_hal_iwdg.c 0x00000000   Number         0  stm32f4xx_hal_iwdg.o ABSOLUTE
    ..\..\..\..\..\Drivers\STM32F4xx_HAL_Driver\Src\stm32f4xx_hal_lptim.c 0x00000000   Number         0  stm32f4xx_hal_lptim.o ABSOLUTE
    ..\..\..\..\..\Drivers\STM32F4xx_HAL_Driver\Src\stm32f4xx_hal_ltdc.c 0x00000000   Number         0  stm32f4xx_hal_ltdc.o ABSOLUTE
    ..\..\..\..\..\Drivers\STM32F4xx_HAL_Driver\Src\stm32f4xx_hal_ltdc_ex.c 0x00000000   Number         0  stm32f4xx_hal_ltdc_ex.o ABSOLUTE
    ..\..\..\..\..\Drivers\STM32F4xx_HAL_Driver\Src\stm32f4xx_hal_nand.c 0x00000000   Number         0  stm32f4xx_hal_nand.o ABSOLUTE
    ..\..\..\..\..\Drivers\STM32F4xx_HAL_Driver\Src\stm32f4xx_hal_nor.c 0x00000000   Number         0  stm32f4xx_hal_nor.o ABSOLUTE
    ..\..\..\..\..\Drivers\STM32F4xx_HAL_Driver\Src\stm32f4xx_hal_pccard.c 0x00000000   Number         0  stm32f4xx_hal_pccard.o ABSOLUTE
    ..\..\..\..\..\Drivers\STM32F4xx_HAL_Driver\Src\stm32f4xx_hal_pcd.c 0x00000000   Number         0  stm32f4xx_hal_pcd.o ABSOLUTE
    ..\..\..\..\..\Drivers\STM32F4xx_HAL_Driver\Src\stm32f4xx_hal_pcd_ex.c 0x00000000   Number         0  stm32f4xx_hal_pcd_ex.o ABSOLUTE
    ..\..\..\..\..\Drivers\STM32F4xx_HAL_Driver\Src\stm32f4xx_hal_pwr.c 0x00000000   Number         0  stm32f4xx_hal_pwr.o ABSOLUTE
    ..\..\..\..\..\Drivers\STM32F4xx_HAL_Driver\Src\stm32f4xx_hal_pwr_ex.c 0x00000000   Number         0  stm32f4xx_hal_pwr_ex.o ABSOLUTE
    ..\..\..\..\..\Drivers\STM32F4xx_HAL_Driver\Src\stm32f4xx_hal_qspi.c 0x00000000   Number         0  stm32f4xx_hal_qspi.o ABSOLUTE
    ..\..\..\..\..\Drivers\STM32F4xx_HAL_Driver\Src\stm32f4xx_hal_rcc.c 0x00000000   Number         0  stm32f4xx_hal_rcc.o ABSOLUTE
    ..\..\..\..\..\Drivers\STM32F4xx_HAL_Driver\Src\stm32f4xx_hal_rcc_ex.c 0x00000000   Number         0  stm32f4xx_hal_rcc_ex.o ABSOLUTE
    ..\..\..\..\..\Drivers\STM32F4xx_HAL_Driver\Src\stm32f4xx_hal_rng.c 0x00000000   Number         0  stm32f4xx_hal_rng.o ABSOLUTE
    ..\..\..\..\..\Drivers\STM32F4xx_HAL_Driver\Src\stm32f4xx_hal_rtc.c 0x00000000   Number         0  stm32f4xx_hal_rtc.o ABSOLUTE
    ..\..\..\..\..\Drivers\STM32F4xx_HAL_Driver\Src\stm32f4xx_hal_rtc_ex.c 0x00000000   Number         0  stm32f4xx_hal_rtc_ex.o ABSOLUTE
    ..\..\..\..\..\Drivers\STM32F4xx_HAL_Driver\Src\stm32f4xx_hal_sai.c 0x00000000   Number         0  stm32f4xx_hal_sai.o ABSOLUTE
    ..\..\..\..\..\Drivers\STM32F4xx_HAL_Driver\Src\stm32f4xx_hal_sai_ex.c 0x00000000   Number         0  stm32f4xx_hal_sai_ex.o ABSOLUTE
    ..\..\..\..\..\Drivers\STM32F4xx_HAL_Driver\Src\stm32f4xx_hal_sd.c 0x00000000   Number         0  stm32f4xx_hal_sd.o ABSOLUTE
    ..\..\..\..\..\Drivers\STM32F4xx_HAL_Driver\Src\stm32f4xx_hal_sdram.c 0x00000000   Number         0  stm32f4xx_hal_sdram.o ABSOLUTE
    ..\..\..\..\..\Drivers\STM32F4xx_HAL_Driver\Src\stm32f4xx_hal_smartcard.c 0x00000000   Number         0  stm32f4xx_hal_smartcard.o ABSOLUTE
    ..\..\..\..\..\Drivers\STM32F4xx_HAL_Driver\Src\stm32f4xx_hal_spdifrx.c 0x00000000   Number         0  stm32f4xx_hal_spdifrx.o ABSOLUTE
    ..\..\..\..\..\Drivers\STM32F4xx_HAL_Driver\Src\stm32f4xx_hal_spi.c 0x00000000   Number         0  stm32f4xx_hal_spi.o ABSOLUTE
    ..\..\..\..\..\Drivers\STM32F4xx_HAL_Driver\Src\stm32f4xx_hal_sram.c 0x00000000   Number         0  stm32f4xx_hal_sram.o ABSOLUTE
    ..\..\..\..\..\Drivers\STM32F4xx_HAL_Driver\Src\stm32f4xx_hal_tim.c 0x00000000   Number         0  stm32f4xx_hal_tim.o ABSOLUTE
    ..\..\..\..\..\Drivers\STM32F4xx_HAL_Driver\Src\stm32f4xx_hal_tim_ex.c 0x00000000   Number         0  stm32f4xx_hal_tim_ex.o ABSOLUTE
    ..\..\..\..\..\Drivers\STM32F4xx_HAL_Driver\Src\stm32f4xx_hal_uart.c 0x00000000   Number         0  stm32f4xx_hal_uart.o ABSOLUTE
    ..\..\..\..\..\Drivers\STM32F4xx_HAL_Driver\Src\stm32f4xx_hal_usart.c 0x00000000   Number         0  stm32f4xx_hal_usart.o ABSOLUTE
    ..\..\..\..\..\Drivers\STM32F4xx_HAL_Driver\Src\stm32f4xx_hal_wwdg.c 0x00000000   Number         0  stm32f4xx_hal_wwdg.o ABSOLUTE
    ..\..\..\..\..\Drivers\STM32F4xx_HAL_Driver\Src\stm32f4xx_ll_fmc.c 0x00000000   Number         0  stm32f4xx_ll_fmc.o ABSOLUTE
    ..\..\..\..\..\Drivers\STM32F4xx_HAL_Driver\Src\stm32f4xx_ll_fsmc.c 0x00000000   Number         0  stm32f4xx_ll_fsmc.o ABSOLUTE
    ..\..\..\..\..\Drivers\STM32F4xx_HAL_Driver\Src\stm32f4xx_ll_sdmmc.c 0x00000000   Number         0  stm32f4xx_ll_sdmmc.o ABSOLUTE
    ..\..\..\..\..\Drivers\STM32F4xx_HAL_Driver\Src\stm32f4xx_ll_usb.c 0x00000000   Number         0  stm32f4xx_ll_usb.o ABSOLUTE
    ..\..\..\..\..\Middlewares\Third_Party\FatFs\src\diskio.c 0x00000000   Number         0  diskio.o ABSOLUTE
    ..\..\..\..\..\Middlewares\Third_Party\FatFs\src\drivers\sd_diskio.c 0x00000000   Number         0  sd_diskio.o ABSOLUTE
    ..\..\..\..\..\Middlewares\Third_Party\FatFs\src\ff.c 0x00000000   Number         0  ff.o ABSOLUTE
    ..\..\..\..\..\Middlewares\Third_Party\FatFs\src\ff_gen_drv.c 0x00000000   Number         0  ff_gen_drv.o ABSOLUTE
    ..\Src\main.c                            0x00000000   Number         0  main.o ABSOLUTE
    ..\Src\stm32f4_discovery_misc.c          0x00000000   Number         0  stm32f4_discovery_misc.o ABSOLUTE
    ..\Src\stm32f4_discovery_sd.c            0x00000000   Number         0  stm32f4_discovery_sd.o ABSOLUTE
    ..\Src\stm32f4xx_hal_msp.c               0x00000000   Number         0  stm32f4xx_hal_msp.o ABSOLUTE
    ..\Src\stm32f4xx_it.c                    0x00000000   Number         0  stm32f4xx_it.o ABSOLUTE
    ..\Src\system_stm32f4xx.c                0x00000000   Number         0  system_stm32f4xx.o ABSOLUTE
    ..\\..\\..\\..\\..\\Drivers\\BSP\\STM32F4-Discovery\\stm32f4_discovery.c 0x00000000   Number         0  stm32f4_discovery.o ABSOLUTE
    ..\\..\\..\\..\\..\\Drivers\\STM32F4xx_HAL_Driver\\Src\\stm32f4xx_hal.c 0x00000000   Number         0  stm32f4xx_hal.o ABSOLUTE
    ..\\..\\..\\..\\..\\Drivers\\STM32F4xx_HAL_Driver\\Src\\stm32f4xx_hal_adc.c 0x00000000   Number         0  stm32f4xx_hal_adc.o ABSOLUTE
    ..\\..\\..\\..\\..\\Drivers\\STM32F4xx_HAL_Driver\\Src\\stm32f4xx_hal_adc_ex.c 0x00000000   Number         0  stm32f4xx_hal_adc_ex.o ABSOLUTE
    ..\\..\\..\\..\\..\\Drivers\\STM32F4xx_HAL_Driver\\Src\\stm32f4xx_hal_can.c 0x00000000   Number         0  stm32f4xx_hal_can.o ABSOLUTE
    ..\\..\\..\\..\\..\\Drivers\\STM32F4xx_HAL_Driver\\Src\\stm32f4xx_hal_cec.c 0x00000000   Number         0  stm32f4xx_hal_cec.o ABSOLUTE
    ..\\..\\..\\..\\..\\Drivers\\STM32F4xx_HAL_Driver\\Src\\stm32f4xx_hal_cortex.c 0x00000000   Number         0  stm32f4xx_hal_cortex.o ABSOLUTE
    ..\\..\\..\\..\\..\\Drivers\\STM32F4xx_HAL_Driver\\Src\\stm32f4xx_hal_crc.c 0x00000000   Number         0  stm32f4xx_hal_crc.o ABSOLUTE
    ..\\..\\..\\..\\..\\Drivers\\STM32F4xx_HAL_Driver\\Src\\stm32f4xx_hal_cryp.c 0x00000000   Number         0  stm32f4xx_hal_cryp.o ABSOLUTE
    ..\\..\\..\\..\\..\\Drivers\\STM32F4xx_HAL_Driver\\Src\\stm32f4xx_hal_cryp_ex.c 0x00000000   Number         0  stm32f4xx_hal_cryp_ex.o ABSOLUTE
    ..\\..\\..\\..\\..\\Drivers\\STM32F4xx_HAL_Driver\\Src\\stm32f4xx_hal_dac.c 0x00000000   Number         0  stm32f4xx_hal_dac.o ABSOLUTE
    ..\\..\\..\\..\\..\\Drivers\\STM32F4xx_HAL_Driver\\Src\\stm32f4xx_hal_dac_ex.c 0x00000000   Number         0  stm32f4xx_hal_dac_ex.o ABSOLUTE
    ..\\..\\..\\..\\..\\Drivers\\STM32F4xx_HAL_Driver\\Src\\stm32f4xx_hal_dcmi.c 0x00000000   Number         0  stm32f4xx_hal_dcmi.o ABSOLUTE
    ..\\..\\..\\..\\..\\Drivers\\STM32F4xx_HAL_Driver\\Src\\stm32f4xx_hal_dcmi_ex.c 0x00000000   Number         0  stm32f4xx_hal_dcmi_ex.o ABSOLUTE
    ..\\..\\..\\..\\..\\Drivers\\STM32F4xx_HAL_Driver\\Src\\stm32f4xx_hal_dfsdm.c 0x00000000   Number         0  stm32f4xx_hal_dfsdm.o ABSOLUTE
    ..\\..\\..\\..\\..\\Drivers\\STM32F4xx_HAL_Driver\\Src\\stm32f4xx_hal_dma.c 0x00000000   Number         0  stm32f4xx_hal_dma.o ABSOLUTE
    ..\\..\\..\\..\\..\\Drivers\\STM32F4xx_HAL_Driver\\Src\\stm32f4xx_hal_dma2d.c 0x00000000   Number         0  stm32f4xx_hal_dma2d.o ABSOLUTE
    ..\\..\\..\\..\\..\\Drivers\\STM32F4xx_HAL_Driver\\Src\\stm32f4xx_hal_dma_ex.c 0x00000000   Number         0  stm32f4xx_hal_dma_ex.o ABSOLUTE
    ..\\..\\..\\..\\..\\Drivers\\STM32F4xx_HAL_Driver\\Src\\stm32f4xx_hal_dsi.c 0x00000000   Number         0  stm32f4xx_hal_dsi.o ABSOLUTE
    ..\\..\\..\\..\\..\\Drivers\\STM32F4xx_HAL_Driver\\Src\\stm32f4xx_hal_eth.c 0x00000000   Number         0  stm32f4xx_hal_eth.o ABSOLUTE
    ..\\..\\..\\..\\..\\Drivers\\STM32F4xx_HAL_Driver\\Src\\stm32f4xx_hal_flash.c 0x00000000   Number         0  stm32f4xx_hal_flash.o ABSOLUTE
    ..\\..\\..\\..\\..\\Drivers\\STM32F4xx_HAL_Driver\\Src\\stm32f4xx_hal_flash_ex.c 0x00000000   Number         0  stm32f4xx_hal_flash_ex.o ABSOLUTE
    ..\\..\\..\\..\\..\\Drivers\\STM32F4xx_HAL_Driver\\Src\\stm32f4xx_hal_flash_ramfunc.c 0x00000000   Number         0  stm32f4xx_hal_flash_ramfunc.o ABSOLUTE
    ..\\..\\..\\..\\..\\Drivers\\STM32F4xx_HAL_Driver\\Src\\stm32f4xx_hal_fmpi2c.c 0x00000000   Number         0  stm32f4xx_hal_fmpi2c.o ABSOLUTE
    ..\\..\\..\\..\\..\\Drivers\\STM32F4xx_HAL_Driver\\Src\\stm32f4xx_hal_fmpi2c_ex.c 0x00000000   Number         0  stm32f4xx_hal_fmpi2c_ex.o ABSOLUTE
    ..\\..\\..\\..\\..\\Drivers\\STM32F4xx_HAL_Driver\\Src\\stm32f4xx_hal_gpio.c 0x00000000   Number         0  stm32f4xx_hal_gpio.o ABSOLUTE
    ..\\..\\..\\..\\..\\Drivers\\STM32F4xx_HAL_Driver\\Src\\stm32f4xx_hal_hash.c 0x00000000   Number         0  stm32f4xx_hal_hash.o ABSOLUTE
    ..\\..\\..\\..\\..\\Drivers\\STM32F4xx_HAL_Driver\\Src\\stm32f4xx_hal_hash_ex.c 0x00000000   Number         0  stm32f4xx_hal_hash_ex.o ABSOLUTE
    ..\\..\\..\\..\\..\\Drivers\\STM32F4xx_HAL_Driver\\Src\\stm32f4xx_hal_hcd.c 0x00000000   Number         0  stm32f4xx_hal_hcd.o ABSOLUTE
    ..\\..\\..\\..\\..\\Drivers\\STM32F4xx_HAL_Driver\\Src\\stm32f4xx_hal_i2c.c 0x00000000   Number         0  stm32f4xx_hal_i2c.o ABSOLUTE
    ..\\..\\..\\..\\..\\Drivers\\STM32F4xx_HAL_Driver\\Src\\stm32f4xx_hal_i2c_ex.c 0x00000000   Number         0  stm32f4xx_hal_i2c_ex.o ABSOLUTE
    ..\\..\\..\\..\\..\\Drivers\\STM32F4xx_HAL_Driver\\Src\\stm32f4xx_hal_i2s.c 0x00000000   Number         0  stm32f4xx_hal_i2s.o ABSOLUTE
    ..\\..\\..\\..\\..\\Drivers\\STM32F4xx_HAL_Driver\\Src\\stm32f4xx_hal_i2s_ex.c 0x00000000   Number         0  stm32f4xx_hal_i2s_ex.o ABSOLUTE
    ..\\..\\..\\..\\..\\Drivers\\STM32F4xx_HAL_Driver\\Src\\stm32f4xx_hal_irda.c 0x00000000   Number         0  stm32f4xx_hal_irda.o ABSOLUTE
    ..\\..\\..\\..\\..\\Drivers\\STM32F4xx_HAL_Driver\\Src\\stm32f4xx_hal_iwdg.c 0x00000000   Number         0  stm32f4xx_hal_iwdg.o ABSOLUTE
    ..\\..\\..\\..\\..\\Drivers\\STM32F4xx_HAL_Driver\\Src\\stm32f4xx_hal_lptim.c 0x00000000   Number         0  stm32f4xx_hal_lptim.o ABSOLUTE
    ..\\..\\..\\..\\..\\Drivers\\STM32F4xx_HAL_Driver\\Src\\stm32f4xx_hal_ltdc.c 0x00000000   Number         0  stm32f4xx_hal_ltdc.o ABSOLUTE
    ..\\..\\..\\..\\..\\Drivers\\STM32F4xx_HAL_Driver\\Src\\stm32f4xx_hal_ltdc_ex.c 0x00000000   Number         0  stm32f4xx_hal_ltdc_ex.o ABSOLUTE
    ..\\..\\..\\..\\..\\Drivers\\STM32F4xx_HAL_Driver\\Src\\stm32f4xx_hal_nand.c 0x00000000   Number         0  stm32f4xx_hal_nand.o ABSOLUTE
    ..\\..\\..\\..\\..\\Drivers\\STM32F4xx_HAL_Driver\\Src\\stm32f4xx_hal_nor.c 0x00000000   Number         0  stm32f4xx_hal_nor.o ABSOLUTE
    ..\\..\\..\\..\\..\\Drivers\\STM32F4xx_HAL_Driver\\Src\\stm32f4xx_hal_pccard.c 0x00000000   Number         0  stm32f4xx_hal_pccard.o ABSOLUTE
    ..\\..\\..\\..\\..\\Drivers\\STM32F4xx_HAL_Driver\\Src\\stm32f4xx_hal_pcd.c 0x00000000   Number         0  stm32f4xx_hal_pcd.o ABSOLUTE
    ..\\..\\..\\..\\..\\Drivers\\STM32F4xx_HAL_Driver\\Src\\stm32f4xx_hal_pcd_ex.c 0x00000000   Number         0  stm32f4xx_hal_pcd_ex.o ABSOLUTE
    ..\\..\\..\\..\\..\\Drivers\\STM32F4xx_HAL_Driver\\Src\\stm32f4xx_hal_pwr.c 0x00000000   Number         0  stm32f4xx_hal_pwr.o ABSOLUTE
    ..\\..\\..\\..\\..\\Drivers\\STM32F4xx_HAL_Driver\\Src\\stm32f4xx_hal_pwr_ex.c 0x00000000   Number         0  stm32f4xx_hal_pwr_ex.o ABSOLUTE
    ..\\..\\..\\..\\..\\Drivers\\STM32F4xx_HAL_Driver\\Src\\stm32f4xx_hal_qspi.c 0x00000000   Number         0  stm32f4xx_hal_qspi.o ABSOLUTE
    ..\\..\\..\\..\\..\\Drivers\\STM32F4xx_HAL_Driver\\Src\\stm32f4xx_hal_rcc.c 0x00000000   Number         0  stm32f4xx_hal_rcc.o ABSOLUTE
    ..\\..\\..\\..\\..\\Drivers\\STM32F4xx_HAL_Driver\\Src\\stm32f4xx_hal_rcc_ex.c 0x00000000   Number         0  stm32f4xx_hal_rcc_ex.o ABSOLUTE
    ..\\..\\..\\..\\..\\Drivers\\STM32F4xx_HAL_Driver\\Src\\stm32f4xx_hal_rng.c 0x00000000   Number         0  stm32f4xx_hal_rng.o ABSOLUTE
    ..\\..\\..\\..\\..\\Drivers\\STM32F4xx_HAL_Driver\\Src\\stm32f4xx_hal_rtc.c 0x00000000   Number         0  stm32f4xx_hal_rtc.o ABSOLUTE
    ..\\..\\..\\..\\..\\Drivers\\STM32F4xx_HAL_Driver\\Src\\stm32f4xx_hal_rtc_ex.c 0x00000000   Number         0  stm32f4xx_hal_rtc_ex.o ABSOLUTE
    ..\\..\\..\\..\\..\\Drivers\\STM32F4xx_HAL_Driver\\Src\\stm32f4xx_hal_sai.c 0x00000000   Number         0  stm32f4xx_hal_sai.o ABSOLUTE
    ..\\..\\..\\..\\..\\Drivers\\STM32F4xx_HAL_Driver\\Src\\stm32f4xx_hal_sai_ex.c 0x00000000   Number         0  stm32f4xx_hal_sai_ex.o ABSOLUTE
    ..\\..\\..\\..\\..\\Drivers\\STM32F4xx_HAL_Driver\\Src\\stm32f4xx_hal_sd.c 0x00000000   Number         0  stm32f4xx_hal_sd.o ABSOLUTE
    ..\\..\\..\\..\\..\\Drivers\\STM32F4xx_HAL_Driver\\Src\\stm32f4xx_hal_sdram.c 0x00000000   Number         0  stm32f4xx_hal_sdram.o ABSOLUTE
    ..\\..\\..\\..\\..\\Drivers\\STM32F4xx_HAL_Driver\\Src\\stm32f4xx_hal_smartcard.c 0x00000000   Number         0  stm32f4xx_hal_smartcard.o ABSOLUTE
    ..\\..\\..\\..\\..\\Drivers\\STM32F4xx_HAL_Driver\\Src\\stm32f4xx_hal_spdifrx.c 0x00000000   Number         0  stm32f4xx_hal_spdifrx.o ABSOLUTE
    ..\\..\\..\\..\\..\\Drivers\\STM32F4xx_HAL_Driver\\Src\\stm32f4xx_hal_spi.c 0x00000000   Number         0  stm32f4xx_hal_spi.o ABSOLUTE
    ..\\..\\..\\..\\..\\Drivers\\STM32F4xx_HAL_Driver\\Src\\stm32f4xx_hal_sram.c 0x00000000   Number         0  stm32f4xx_hal_sram.o ABSOLUTE
    ..\\..\\..\\..\\..\\Drivers\\STM32F4xx_HAL_Driver\\Src\\stm32f4xx_hal_tim.c 0x00000000   Number         0  stm32f4xx_hal_tim.o ABSOLUTE
    ..\\..\\..\\..\\..\\Drivers\\STM32F4xx_HAL_Driver\\Src\\stm32f4xx_hal_tim_ex.c 0x00000000   Number         0  stm32f4xx_hal_tim_ex.o ABSOLUTE
    ..\\..\\..\\..\\..\\Drivers\\STM32F4xx_HAL_Driver\\Src\\stm32f4xx_hal_uart.c 0x00000000   Number         0  stm32f4xx_hal_uart.o ABSOLUTE
    ..\\..\\..\\..\\..\\Drivers\\STM32F4xx_HAL_Driver\\Src\\stm32f4xx_hal_usart.c 0x00000000   Number         0  stm32f4xx_hal_usart.o ABSOLUTE
    ..\\..\\..\\..\\..\\Drivers\\STM32F4xx_HAL_Driver\\Src\\stm32f4xx_hal_wwdg.c 0x00000000   Number         0  stm32f4xx_hal_wwdg.o ABSOLUTE
    ..\\..\\..\\..\\..\\Drivers\\STM32F4xx_HAL_Driver\\Src\\stm32f4xx_ll_fmc.c 0x00000000   Number         0  stm32f4xx_ll_fmc.o ABSOLUTE
    ..\\..\\..\\..\\..\\Drivers\\STM32F4xx_HAL_Driver\\Src\\stm32f4xx_ll_fsmc.c 0x00000000   Number         0  stm32f4xx_ll_fsmc.o ABSOLUTE
    ..\\..\\..\\..\\..\\Drivers\\STM32F4xx_HAL_Driver\\Src\\stm32f4xx_ll_sdmmc.c 0x00000000   Number         0  stm32f4xx_ll_sdmmc.o ABSOLUTE
    ..\\..\\..\\..\\..\\Drivers\\STM32F4xx_HAL_Driver\\Src\\stm32f4xx_ll_usb.c 0x00000000   Number         0  stm32f4xx_ll_usb.o ABSOLUTE
    ..\\..\\..\\..\\..\\Middlewares\\Third_Party\\FatFs\\src\\diskio.c 0x00000000   Number         0  diskio.o ABSOLUTE
    ..\\..\\..\\..\\..\\Middlewares\\Third_Party\\FatFs\\src\\drivers\\sd_diskio.c 0x00000000   Number         0  sd_diskio.o ABSOLUTE
    ..\\..\\..\\..\\..\\Middlewares\\Third_Party\\FatFs\\src\\ff.c 0x00000000   Number         0  ff.o ABSOLUTE
    ..\\..\\..\\..\\..\\Middlewares\\Third_Party\\FatFs\\src\\ff_gen_drv.c 0x00000000   Number         0  ff_gen_drv.o ABSOLUTE
    ..\\Src\\main.c                          0x00000000   Number         0  main.o ABSOLUTE
    ..\\Src\\stm32f4_discovery_misc.c        0x00000000   Number         0  stm32f4_discovery_misc.o ABSOLUTE
    ..\\Src\\stm32f4_discovery_sd.c          0x00000000   Number         0  stm32f4_discovery_sd.o ABSOLUTE
    ..\\Src\\stm32f4xx_hal_msp.c             0x00000000   Number         0  stm32f4xx_hal_msp.o ABSOLUTE
    ..\\Src\\stm32f4xx_it.c                  0x00000000   Number         0  stm32f4xx_it.o ABSOLUTE
    ..\\Src\\system_stm32f4xx.c              0x00000000   Number         0  system_stm32f4xx.o ABSOLUTE
    cdrcmple.s                               0x00000000   Number         0  cdrcmple.o ABSOLUTE
    dc.s                                     0x00000000   Number         0  dc.o ABSOLUTE
    handlers.s                               0x00000000   Number         0  handlers.o ABSOLUTE
    init.s                                   0x00000000   Number         0  init.o ABSOLUTE
    startup_stm32f407xx.s                    0x00000000   Number         0  startup_stm32f407xx.o ABSOLUTE
    RESET                                    0x08000000   Section      392  startup_stm32f407xx.o(RESET)
    .ARM.Collect$$$$00000000                 0x08000188   Section        0  entry.o(.ARM.Collect$$$$00000000)
    .ARM.Collect$$$$00000001                 0x08000188   Section        4  entry2.o(.ARM.Collect$$$$00000001)
    .ARM.Collect$$$$00000004                 0x0800018c   Section        4  entry5.o(.ARM.Collect$$$$00000004)
    .ARM.Collect$$$$00000008                 0x08000190   Section        0  entry7b.o(.ARM.Collect$$$$00000008)
    .ARM.Collect$$$$0000000A                 0x08000190   Section        0  entry8b.o(.ARM.Collect$$$$0000000A)
    .ARM.Collect$$$$0000000B                 0x08000190   Section        8  entry9a.o(.ARM.Collect$$$$0000000B)
    .ARM.Collect$$$$0000000D                 0x08000198   Section        0  entry10a.o(.ARM.Collect$$$$0000000D)
    .ARM.Collect$$$$0000000F                 0x08000198   Section        0  entry11a.o(.ARM.Collect$$$$0000000F)
    .ARM.Collect$$$$00002712                 0x08000198   Section        4  entry2.o(.ARM.Collect$$$$00002712)
    __lit__00000000                          0x08000198   Data           4  entry2.o(.ARM.Collect$$$$00002712)
    .text                                    0x0800019c   Section       36  startup_stm32f407xx.o(.text)
    $v0                                      0x0800019c   Number         0  startup_stm32f407xx.o(.text)
    .text                                    0x080001c0   Section       36  init.o(.text)
    i.BSP_LED_Init                           0x080001e4   Section        0  stm32f4_discovery.o(i.BSP_LED_Init)
    i.BSP_LED_On                             0x08000248   Section        0  stm32f4_discovery.o(i.BSP_LED_On)
    i.BSP_SD_DMA_Rx_IRQHandler               0x08000264   Section        0  stm32f4_discovery_sd.o(i.BSP_SD_DMA_Rx_IRQHandler)
    i.BSP_SD_DMA_Tx_IRQHandler               0x08000270   Section        0  stm32f4_discovery_sd.o(i.BSP_SD_DMA_Tx_IRQHandler)
    i.BSP_SD_GetCardInfo                     0x0800027c   Section        0  stm32f4_discovery_sd.o(i.BSP_SD_GetCardInfo)
    i.BSP_SD_GetStatus                       0x08000288   Section        0  stm32f4_discovery_sd.o(i.BSP_SD_GetStatus)
    i.BSP_SD_IRQHandler                      0x08000294   Section        0  stm32f4_discovery_sd.o(i.BSP_SD_IRQHandler)
    i.BSP_SD_Init                            0x080002a0   Section        0  stm32f4_discovery_sd.o(i.BSP_SD_Init)
    i.BSP_SD_ReadBlocks                      0x08000430   Section        0  stm32f4_discovery_sd.o(i.BSP_SD_ReadBlocks)
    i.BSP_SD_WriteBlocks                     0x08000454   Section        0  stm32f4_discovery_sd.o(i.BSP_SD_WriteBlocks)
    i.BSP_UART2_Init                         0x08000478   Section        0  stm32f4_discovery_misc.o(i.BSP_UART2_Init)
    i.BusFault_Handler                       0x080004ac   Section        0  stm32f4xx_it.o(i.BusFault_Handler)
    i.DMA2_Stream3_IRQHandler                0x080004ae   Section        0  stm32f4xx_it.o(i.DMA2_Stream3_IRQHandler)
    i.DMA2_Stream6_IRQHandler                0x080004b2   Section        0  stm32f4xx_it.o(i.DMA2_Stream6_IRQHandler)
    i.DebugMon_Handler                       0x080004b6   Section        0  stm32f4xx_it.o(i.DebugMon_Handler)
    i.FATFS_LinkDriver                       0x080004b8   Section        0  ff_gen_drv.o(i.FATFS_LinkDriver)
    i.FATFS_UnLinkDriver                     0x08000508   Section        0  ff_gen_drv.o(i.FATFS_UnLinkDriver)
    i.HAL_DMA_DeInit                         0x08000544   Section        0  stm32f4xx_hal_dma.o(i.HAL_DMA_DeInit)
    i.HAL_DMA_IRQHandler                     0x080005c4   Section        0  stm32f4xx_hal_dma.o(i.HAL_DMA_IRQHandler)
    i.HAL_DMA_Init                           0x080007a4   Section        0  stm32f4xx_hal_dma.o(i.HAL_DMA_Init)
    i.HAL_Delay                              0x0800090c   Section        0  stm32f4xx_hal.o(i.HAL_Delay)
    i.HAL_GPIO_Init                          0x08000924   Section        0  stm32f4xx_hal_gpio.o(i.HAL_GPIO_Init)
    i.HAL_GPIO_WritePin                      0x08000b5c   Section        0  stm32f4xx_hal_gpio.o(i.HAL_GPIO_WritePin)
    i.HAL_GetREVID                           0x08000b68   Section        0  stm32f4xx_hal.o(i.HAL_GetREVID)
    i.HAL_GetTick                            0x08000b74   Section        0  stm32f4xx_hal.o(i.HAL_GetTick)
    i.HAL_IncTick                            0x08000b80   Section        0  stm32f4xx_hal.o(i.HAL_IncTick)
    i.HAL_Init                               0x08000b90   Section        0  stm32f4xx_hal.o(i.HAL_Init)
    i.HAL_InitTick                           0x08000bbc   Section        0  stm32f4xx_hal.o(i.HAL_InitTick)
    i.HAL_MspInit                            0x08000be4   Section        0  stm32f4xx_hal.o(i.HAL_MspInit)
    i.HAL_NVIC_EnableIRQ                     0x08000be6   Section        0  stm32f4xx_hal_cortex.o(i.HAL_NVIC_EnableIRQ)
    i.HAL_NVIC_SetPriority                   0x08000c00   Section        0  stm32f4xx_hal_cortex.o(i.HAL_NVIC_SetPriority)
    i.HAL_NVIC_SetPriorityGrouping           0x08000c64   Section        0  stm32f4xx_hal_cortex.o(i.HAL_NVIC_SetPriorityGrouping)
    i.HAL_RCC_ClockConfig                    0x08000c88   Section        0  stm32f4xx_hal_rcc.o(i.HAL_RCC_ClockConfig)
    i.HAL_RCC_GetPCLK1Freq                   0x08000e20   Section        0  stm32f4xx_hal_rcc.o(i.HAL_RCC_GetPCLK1Freq)
    i.HAL_RCC_GetPCLK2Freq                   0x08000e50   Section        0  stm32f4xx_hal_rcc.o(i.HAL_RCC_GetPCLK2Freq)
    i.HAL_RCC_GetSysClockFreq                0x08000e80   Section        0  stm32f4xx_hal_rcc.o(i.HAL_RCC_GetSysClockFreq)
    i.HAL_RCC_OscConfig                      0x08000f14   Section        0  stm32f4xx_hal_rcc.o(i.HAL_RCC_OscConfig)
    i.HAL_SD_GetStatus                       0x08001280   Section        0  stm32f4xx_hal_sd.o(i.HAL_SD_GetStatus)
    i.HAL_SD_Get_CardInfo                    0x080012d4   Section        0  stm32f4xx_hal_sd.o(i.HAL_SD_Get_CardInfo)
    i.HAL_SD_IRQHandler                      0x08001594   Section        0  stm32f4xx_hal_sd.o(i.HAL_SD_IRQHandler)
    i.HAL_SD_Init                            0x08001640   Section        0  stm32f4xx_hal_sd.o(i.HAL_SD_Init)
    i.HAL_SD_MspInit                         0x08001a08   Section        0  stm32f4xx_hal_sd.o(i.HAL_SD_MspInit)
    i.HAL_SD_ReadBlocks                      0x08001a0a   Section        0  stm32f4xx_hal_sd.o(i.HAL_SD_ReadBlocks)
    i.HAL_SD_WideBusOperation_Config         0x08001bf2   Section        0  stm32f4xx_hal_sd.o(i.HAL_SD_WideBusOperation_Config)
    i.HAL_SD_WriteBlocks                     0x08001d2a   Section        0  stm32f4xx_hal_sd.o(i.HAL_SD_WriteBlocks)
    i.HAL_SD_XferCpltCallback                0x08001f76   Section        0  stm32f4xx_hal_sd.o(i.HAL_SD_XferCpltCallback)
    i.HAL_SD_XferErrorCallback               0x08001f78   Section        0  stm32f4xx_hal_sd.o(i.HAL_SD_XferErrorCallback)
    i.HAL_SYSTICK_Config                     0x08001f7c   Section        0  stm32f4xx_hal_cortex.o(i.HAL_SYSTICK_Config)
    i.HAL_UART_Init                          0x08001fa8   Section        0  stm32f4xx_hal_uart.o(i.HAL_UART_Init)
    i.HAL_UART_MspInit                       0x0800200c   Section        0  stm32f4xx_hal_msp.o(i.HAL_UART_MspInit)
    i.HardFault_Handler                      0x08002138   Section        0  stm32f4xx_it.o(i.HardFault_Handler)
    i.MemManage_Handler                      0x0800213a   Section        0  stm32f4xx_it.o(i.MemManage_Handler)
    i.NMI_Handler                            0x0800213c   Section        0  stm32f4xx_it.o(i.NMI_Handler)
    i.PendSV_Handler                         0x0800213e   Section        0  stm32f4xx_it.o(i.PendSV_Handler)
    i.SDIO_DataConfig                        0x08002140   Section        0  stm32f4xx_ll_sdmmc.o(i.SDIO_DataConfig)
    i.SDIO_GetCommandResponse                0x08002164   Section        0  stm32f4xx_ll_sdmmc.o(i.SDIO_GetCommandResponse)
    i.SDIO_GetPowerState                     0x0800216a   Section        0  stm32f4xx_ll_sdmmc.o(i.SDIO_GetPowerState)
    i.SDIO_GetResponse                       0x08002174   Section        0  stm32f4xx_ll_sdmmc.o(i.SDIO_GetResponse)
    i.SDIO_IRQHandler                        0x08002188   Section        0  stm32f4xx_it.o(i.SDIO_IRQHandler)
    i.SDIO_Init                              0x0800218c   Section        0  stm32f4xx_ll_sdmmc.o(i.SDIO_Init)
    i.SDIO_PowerState_ON                     0x080021b8   Section        0  stm32f4xx_ll_sdmmc.o(i.SDIO_PowerState_ON)
    i.SDIO_ReadFIFO                          0x080021c0   Section        0  stm32f4xx_ll_sdmmc.o(i.SDIO_ReadFIFO)
    i.SDIO_SendCommand                       0x080021c6   Section        0  stm32f4xx_ll_sdmmc.o(i.SDIO_SendCommand)
    i.SDIO_WriteFIFO                         0x080021e6   Section        0  stm32f4xx_ll_sdmmc.o(i.SDIO_WriteFIFO)
    i.SD_CmdResp1Error                       0x080021f0   Section        0  stm32f4xx_hal_sd.o(i.SD_CmdResp1Error)
    SD_CmdResp1Error                         0x080021f1   Thumb Code   272  stm32f4xx_hal_sd.o(i.SD_CmdResp1Error)
    i.SD_FindSCR                             0x08002304   Section        0  stm32f4xx_hal_sd.o(i.SD_FindSCR)
    SD_FindSCR                               0x08002305   Thumb Code   322  stm32f4xx_hal_sd.o(i.SD_FindSCR)
    i.SD_IsCardProgramming                   0x08002448   Section        0  stm32f4xx_hal_sd.o(i.SD_IsCardProgramming)
    SD_IsCardProgramming                     0x08002449   Thumb Code   398  stm32f4xx_hal_sd.o(i.SD_IsCardProgramming)
    i.SD_initialize                          0x080025dc   Section        0  sd_diskio.o(i.SD_initialize)
    i.SD_ioctl                               0x080025fc   Section        0  sd_diskio.o(i.SD_ioctl)
    i.SD_read                                0x08002650   Section        0  sd_diskio.o(i.SD_read)
    i.SD_status                              0x08002674   Section        0  sd_diskio.o(i.SD_status)
    i.SD_write                               0x08002694   Section        0  sd_diskio.o(i.SD_write)
    i.SVC_Handler                            0x080026b8   Section        0  stm32f4xx_it.o(i.SVC_Handler)
    i.SysTick_Handler                        0x080026ba   Section        0  stm32f4xx_it.o(i.SysTick_Handler)
    i.SystemInit                             0x080026c0   Section        0  system_stm32f4xx.o(i.SystemInit)
    i.UART_SetConfig                         0x08002718   Section        0  stm32f4xx_hal_uart.o(i.UART_SetConfig)
    UART_SetConfig                           0x08002719   Thumb Code   822  stm32f4xx_hal_uart.o(i.UART_SetConfig)
    i.UsageFault_Handler                     0x08002a5c   Section        0  stm32f4xx_it.o(i.UsageFault_Handler)
    i.__0printf$bare                         0x08002a60   Section        0  printfb.o(i.__0printf$bare)
    i.__scatterload_copy                     0x08002a70   Section       14  handlers.o(i.__scatterload_copy)
    i.__scatterload_null                     0x08002a7e   Section        2  handlers.o(i.__scatterload_null)
    i.__scatterload_zeroinit                 0x08002a80   Section       14  handlers.o(i.__scatterload_zeroinit)
    i._printf_core                           0x08002a8e   Section        0  printfb.o(i._printf_core)
    _printf_core                             0x08002a8f   Thumb Code    34  printfb.o(i._printf_core)
    i.create_chain                           0x08002ab0   Section        0  ff.o(i.create_chain)
    create_chain                             0x08002ab1   Thumb Code   196  ff.o(i.create_chain)
    i.dir_next                               0x08002b74   Section        0  ff.o(i.dir_next)
    dir_next                                 0x08002b75   Thumb Code   450  ff.o(i.dir_next)
    i.dir_register                           0x08002d38   Section        0  ff.o(i.dir_register)
    dir_register                             0x08002d39   Thumb Code   164  ff.o(i.dir_register)
    i.dir_sdi                                0x08002ddc   Section        0  ff.o(i.dir_sdi)
    dir_sdi                                  0x08002ddd   Thumb Code   186  ff.o(i.dir_sdi)
    i.disk_initialize                        0x08002e98   Section        0  diskio.o(i.disk_initialize)
    i.disk_ioctl                             0x08002ec0   Section        0  diskio.o(i.disk_ioctl)
    i.disk_read                              0x08002edc   Section        0  diskio.o(i.disk_read)
    i.disk_status                            0x08002efc   Section        0  diskio.o(i.disk_status)
    i.disk_write                             0x08002f14   Section        0  diskio.o(i.disk_write)
    i.f_close                                0x08002f34   Section        0  ff.o(i.f_close)
    i.f_mkfs                                 0x08002f90   Section        0  ff.o(i.f_mkfs)
    i.f_mount                                0x08003518   Section        0  ff.o(i.f_mount)
    i.f_open                                 0x080035a0   Section        0  ff.o(i.f_open)
    i.f_read                                 0x080037d4   Section        0  ff.o(i.f_read)
    i.f_sync                                 0x080039a4   Section        0  ff.o(i.f_sync)
    i.f_write                                0x08003a74   Section        0  ff.o(i.f_write)
    i.find_volume                            0x08003c8c   Section        0  ff.o(i.find_volume)
    find_volume                              0x08003c8d   Thumb Code   898  ff.o(i.find_volume)
    i.follow_path                            0x08004028   Section        0  ff.o(i.follow_path)
    follow_path                              0x08004029   Thumb Code   494  ff.o(i.follow_path)
    i.fputc                                  0x0800422c   Section        0  main.o(i.fputc)
    i.get_fat                                0x08004244   Section        0  ff.o(i.get_fat)
    i.get_fattime                            0x08004304   Section        0  diskio.o(i.get_fattime)
    i.inc_lock                               0x08004308   Section        0  ff.o(i.inc_lock)
    inc_lock                                 0x08004309   Thumb Code   170  ff.o(i.inc_lock)
    i.main                                   0x080043b8   Section        0  main.o(i.main)
    i.mem_cpy                                0x08004590   Section        0  ff.o(i.mem_cpy)
    mem_cpy                                  0x08004591   Thumb Code    48  ff.o(i.mem_cpy)
    i.mem_set                                0x080045c0   Section        0  ff.o(i.mem_set)
    mem_set                                  0x080045c1   Thumb Code    40  ff.o(i.mem_set)
    i.move_window                            0x080045e8   Section        0  ff.o(i.move_window)
    move_window                              0x080045e9   Thumb Code    58  ff.o(i.move_window)
    i.put_fat                                0x08004622   Section        0  ff.o(i.put_fat)
    i.remove_chain                           0x08004734   Section        0  ff.o(i.remove_chain)
    remove_chain                             0x08004735   Thumb Code   114  ff.o(i.remove_chain)
    i.sync_fs                                0x080047a6   Section        0  ff.o(i.sync_fs)
    sync_fs                                  0x080047a7   Thumb Code   186  ff.o(i.sync_fs)
    i.sync_window                            0x08004860   Section        0  ff.o(i.sync_window)
    sync_window                              0x08004861   Thumb Code   100  ff.o(i.sync_window)
    i.validate                               0x080048c4   Section        0  ff.o(i.validate)
    validate                                 0x080048c5   Thumb Code    52  ff.o(i.validate)
    .constdata                               0x080048f8   Section       12  stm32f4_discovery.o(.constdata)
    .constdata                               0x08004904   Section      172  ff.o(.constdata)
    ExCvt                                    0x08004904   Data         128  ff.o(.constdata)
    vst                                      0x08004984   Data          22  ff.o(.constdata)
    cst                                      0x0800499a   Data          22  ff.o(.constdata)
    .constdata                               0x080049b0   Section       20  sd_diskio.o(.constdata)
    .constdata                               0x080049c4   Section        8  stm32f4xx_hal_dma.o(.constdata)
    flagBitshiftOffset                       0x080049c4   Data           8  stm32f4xx_hal_dma.o(.constdata)
    .constdata                               0x080049cc   Section       16  stm32f4xx_hal_rcc.o(.constdata)
    .data                                    0x20000000   Section       28  stm32f4_discovery.o(.data)
    .data                                    0x2000001c   Section        8  ff.o(.data)
    Fsid                                     0x2000001c   Data           2  ff.o(.data)
    FatFs                                    0x20000020   Data           4  ff.o(.data)
    .data                                    0x20000024   Section        4  main.o(.data)
    .data                                    0x20000028   Section        1  sd_diskio.o(.data)
    Stat                                     0x20000028   Data           1  sd_diskio.o(.data)
    .data                                    0x2000002c   Section        4  stm32f4xx_hal.o(.data)
    .data                                    0x20000030   Section       20  system_stm32f4xx.o(.data)
    .data                                    0x20000044   Section        4  stdout.o(.data)
    .bss                                     0x20000048   Section      376  stm32f4_discovery_sd.o(.bss)
    dmaRxHandle                              0x20000048   Data          96  stm32f4_discovery_sd.o(.bss)
    dmaTxHandle                              0x200000a8   Data          96  stm32f4_discovery_sd.o(.bss)
    uSdHandle                                0x20000108   Data          96  stm32f4_discovery_sd.o(.bss)
    uSdCardInfo                              0x20000168   Data          88  stm32f4_discovery_sd.o(.bss)
    .bss                                     0x200001c0   Section       64  stm32f4_discovery_misc.o(.bss)
    .bss                                     0x20000200   Section       24  ff.o(.bss)
    Files                                    0x20000200   Data          24  ff.o(.bss)
    .bss                                     0x20000218   Section       12  ff_gen_drv.o(.bss)
    .bss                                     0x20000224   Section     1116  main.o(.bss)
    .bss                                     0x20000680   Section      384  stm32f4xx_hal_msp.o(.bss)
    hdma_tx                                  0x20000680   Data          96  stm32f4xx_hal_msp.o(.bss)
    hdma_rx                                  0x200006e0   Data          96  stm32f4xx_hal_msp.o(.bss)
    hdma_tx                                  0x20000740   Data          96  stm32f4xx_hal_msp.o(.bss)
    hdma_rx                                  0x200007a0   Data          96  stm32f4xx_hal_msp.o(.bss)
    STACK                                    0x20000800   Section     1024  startup_stm32f407xx.o(STACK)

    Global Symbols

    Symbol Name                              Value     Ov Type        Size  Object(Section)

    BuildAttributes$$THM_ISAv4$E$P$D$K$B$S$7EM$VFPi3$EXTD16$VFPS$VFMA$PE$A:L22UL41UL21$X:L11$S22US41US21$IEEE1$IW$USESV6$~STKCKD$USESV7$~SHL$OTIME$ROPI$EBA8$MICROLIB$REQ8$PRES8$EABIv2 0x00000000   Number         0  anon$$obj.o ABSOLUTE
    __ARM_use_no_argv                        0x00000000   Number         0  main.o ABSOLUTE
    __cpp_initialize__aeabi_                  - Undefined Weak Reference
    __cxa_finalize                            - Undefined Weak Reference
    __decompress                              - Undefined Weak Reference
    _clock_init                               - Undefined Weak Reference
    _microlib_exit                            - Undefined Weak Reference
    __Vectors_Size                           0x00000188   Number         0  startup_stm32f407xx.o ABSOLUTE
    __Vectors                                0x08000000   Data           4  startup_stm32f407xx.o(RESET)
    __Vectors_End                            0x08000188   Data           0  startup_stm32f407xx.o(RESET)
    __main                                   0x08000189   Thumb Code     0  entry.o(.ARM.Collect$$$$00000000)
    _main_stk                                0x08000189   Thumb Code     0  entry2.o(.ARM.Collect$$$$00000001)
    _main_scatterload                        0x0800018d   Thumb Code     0  entry5.o(.ARM.Collect$$$$00000004)
    __main_after_scatterload                 0x08000191   Thumb Code     0  entry5.o(.ARM.Collect$$$$00000004)
    _main_clock                              0x08000191   Thumb Code     0  entry7b.o(.ARM.Collect$$$$00000008)
    _main_cpp_init                           0x08000191   Thumb Code     0  entry8b.o(.ARM.Collect$$$$0000000A)
    _main_init                               0x08000191   Thumb Code     0  entry9a.o(.ARM.Collect$$$$0000000B)
    __rt_final_cpp                           0x08000199   Thumb Code     0  entry10a.o(.ARM.Collect$$$$0000000D)
    __rt_final_exit                          0x08000199   Thumb Code     0  entry11a.o(.ARM.Collect$$$$0000000F)
    Reset_Handler                            0x0800019d   Thumb Code     8  startup_stm32f407xx.o(.text)
    ADC_IRQHandler                           0x080001b7   Thumb Code     0  startup_stm32f407xx.o(.text)
    CAN1_RX0_IRQHandler                      0x080001b7   Thumb Code     0  startup_stm32f407xx.o(.text)
    CAN1_RX1_IRQHandler                      0x080001b7   Thumb Code     0  startup_stm32f407xx.o(.text)
    CAN1_SCE_IRQHandler                      0x080001b7   Thumb Code     0  startup_stm32f407xx.o(.text)
    CAN1_TX_IRQHandler                       0x080001b7   Thumb Code     0  startup_stm32f407xx.o(.text)
    CAN2_RX0_IRQHandler                      0x080001b7   Thumb Code     0  startup_stm32f407xx.o(.text)
    CAN2_RX1_IRQHandler                      0x080001b7   Thumb Code     0  startup_stm32f407xx.o(.text)
    CAN2_SCE_IRQHandler                      0x080001b7   Thumb Code     0  startup_stm32f407xx.o(.text)
    CAN2_TX_IRQHandler                       0x080001b7   Thumb Code     0  startup_stm32f407xx.o(.text)
    DCMI_IRQHandler                          0x080001b7   Thumb Code     0  startup_stm32f407xx.o(.text)
    DMA1_Stream0_IRQHandler                  0x080001b7   Thumb Code     0  startup_stm32f407xx.o(.text)
    DMA1_Stream1_IRQHandler                  0x080001b7   Thumb Code     0  startup_stm32f407xx.o(.text)
    DMA1_Stream2_IRQHandler                  0x080001b7   Thumb Code     0  startup_stm32f407xx.o(.text)
    DMA1_Stream3_IRQHandler                  0x080001b7   Thumb Code     0  startup_stm32f407xx.o(.text)
    DMA1_Stream4_IRQHandler                  0x080001b7   Thumb Code     0  startup_stm32f407xx.o(.text)
    DMA1_Stream5_IRQHandler                  0x080001b7   Thumb Code     0  startup_stm32f407xx.o(.text)
    DMA1_Stream6_IRQHandler                  0x080001b7   Thumb Code     0  startup_stm32f407xx.o(.text)
    DMA1_Stream7_IRQHandler                  0x080001b7   Thumb Code     0  startup_stm32f407xx.o(.text)
    DMA2_Stream0_IRQHandler                  0x080001b7   Thumb Code     0  startup_stm32f407xx.o(.text)
    DMA2_Stream1_IRQHandler                  0x080001b7   Thumb Code     0  startup_stm32f407xx.o(.text)
    DMA2_Stream2_IRQHandler                  0x080001b7   Thumb Code     0  startup_stm32f407xx.o(.text)
    DMA2_Stream4_IRQHandler                  0x080001b7   Thumb Code     0  startup_stm32f407xx.o(.text)
    DMA2_Stream5_IRQHandler                  0x080001b7   Thumb Code     0  startup_stm32f407xx.o(.text)
    DMA2_Stream7_IRQHandler                  0x080001b7   Thumb Code     0  startup_stm32f407xx.o(.text)
    ETH_IRQHandler                           0x080001b7   Thumb Code     0  startup_stm32f407xx.o(.text)
    ETH_WKUP_IRQHandler                      0x080001b7   Thumb Code     0  startup_stm32f407xx.o(.text)
    EXTI0_IRQHandler                         0x080001b7   Thumb Code     0  startup_stm32f407xx.o(.text)
    EXTI15_10_IRQHandler                     0x080001b7   Thumb Code     0  startup_stm32f407xx.o(.text)
    EXTI1_IRQHandler                         0x080001b7   Thumb Code     0  startup_stm32f407xx.o(.text)
    EXTI2_IRQHandler                         0x080001b7   Thumb Code     0  startup_stm32f407xx.o(.text)
    EXTI3_IRQHandler                         0x080001b7   Thumb Code     0  startup_stm32f407xx.o(.text)
    EXTI4_IRQHandler                         0x080001b7   Thumb Code     0  startup_stm32f407xx.o(.text)
    EXTI9_5_IRQHandler                       0x080001b7   Thumb Code     0  startup_stm32f407xx.o(.text)
    FLASH_IRQHandler                         0x080001b7   Thumb Code     0  startup_stm32f407xx.o(.text)
    FMC_IRQHandler                           0x080001b7   Thumb Code     0  startup_stm32f407xx.o(.text)
    FPU_IRQHandler                           0x080001b7   Thumb Code     0  startup_stm32f407xx.o(.text)
    HASH_RNG_IRQHandler                      0x080001b7   Thumb Code     0  startup_stm32f407xx.o(.text)
    I2C1_ER_IRQHandler                       0x080001b7   Thumb Code     0  startup_stm32f407xx.o(.text)
    I2C1_EV_IRQHandler                       0x080001b7   Thumb Code     0  startup_stm32f407xx.o(.text)
    I2C2_ER_IRQHandler                       0x080001b7   Thumb Code     0  startup_stm32f407xx.o(.text)
    I2C2_EV_IRQHandler                       0x080001b7   Thumb Code     0  startup_stm32f407xx.o(.text)
    I2C3_ER_IRQHandler                       0x080001b7   Thumb Code     0  startup_stm32f407xx.o(.text)
    I2C3_EV_IRQHandler                       0x080001b7   Thumb Code     0  startup_stm32f407xx.o(.text)
    OTG_FS_IRQHandler                        0x080001b7   Thumb Code     0  startup_stm32f407xx.o(.text)
    OTG_FS_WKUP_IRQHandler                   0x080001b7   Thumb Code     0  startup_stm32f407xx.o(.text)
    OTG_HS_EP1_IN_IRQHandler                 0x080001b7   Thumb Code     0  startup_stm32f407xx.o(.text)
    OTG_HS_EP1_OUT_IRQHandler                0x080001b7   Thumb Code     0  startup_stm32f407xx.o(.text)
    OTG_HS_IRQHandler                        0x080001b7   Thumb Code     0  startup_stm32f407xx.o(.text)
    OTG_HS_WKUP_IRQHandler                   0x080001b7   Thumb Code     0  startup_stm32f407xx.o(.text)
    PVD_IRQHandler                           0x080001b7   Thumb Code     0  startup_stm32f407xx.o(.text)
    RCC_IRQHandler                           0x080001b7   Thumb Code     0  startup_stm32f407xx.o(.text)
    RTC_Alarm_IRQHandler                     0x080001b7   Thumb Code     0  startup_stm32f407xx.o(.text)
    RTC_WKUP_IRQHandler                      0x080001b7   Thumb Code     0  startup_stm32f407xx.o(.text)
    SPI1_IRQHandler                          0x080001b7   Thumb Code     0  startup_stm32f407xx.o(.text)
    SPI2_IRQHandler                          0x080001b7   Thumb Code     0  startup_stm32f407xx.o(.text)
    SPI3_IRQHandler                          0x080001b7   Thumb Code     0  startup_stm32f407xx.o(.text)
    TAMP_STAMP_IRQHandler                    0x080001b7   Thumb Code     0  startup_stm32f407xx.o(.text)
    TIM1_BRK_TIM9_IRQHandler                 0x080001b7   Thumb Code     0  startup_stm32f407xx.o(.text)
    TIM1_CC_IRQHandler                       0x080001b7   Thumb Code     0  startup_stm32f407xx.o(.text)
    TIM1_TRG_COM_TIM11_IRQHandler            0x080001b7   Thumb Code     0  startup_stm32f407xx.o(.text)
    TIM1_UP_TIM10_IRQHandler                 0x080001b7   Thumb Code     0  startup_stm32f407xx.o(.text)
    TIM2_IRQHandler                          0x080001b7   Thumb Code     0  startup_stm32f407xx.o(.text)
    TIM3_IRQHandler                          0x080001b7   Thumb Code     0  startup_stm32f407xx.o(.text)
    TIM4_IRQHandler                          0x080001b7   Thumb Code     0  startup_stm32f407xx.o(.text)
    TIM5_IRQHandler                          0x080001b7   Thumb Code     0  startup_stm32f407xx.o(.text)
    TIM6_DAC_IRQHandler                      0x080001b7   Thumb Code     0  startup_stm32f407xx.o(.text)
    TIM7_IRQHandler                          0x080001b7   Thumb Code     0  startup_stm32f407xx.o(.text)
    TIM8_BRK_TIM12_IRQHandler                0x080001b7   Thumb Code     0  startup_stm32f407xx.o(.text)
    TIM8_CC_IRQHandler                       0x080001b7   Thumb Code     0  startup_stm32f407xx.o(.text)
    TIM8_TRG_COM_TIM14_IRQHandler            0x080001b7   Thumb Code     0  startup_stm32f407xx.o(.text)
    TIM8_UP_TIM13_IRQHandler                 0x080001b7   Thumb Code     0  startup_stm32f407xx.o(.text)
    UART4_IRQHandler                         0x080001b7   Thumb Code     0  startup_stm32f407xx.o(.text)
    UART5_IRQHandler                         0x080001b7   Thumb Code     0  startup_stm32f407xx.o(.text)
    USART1_IRQHandler                        0x080001b7   Thumb Code     0  startup_stm32f407xx.o(.text)
    USART2_IRQHandler                        0x080001b7   Thumb Code     0  startup_stm32f407xx.o(.text)
    USART3_IRQHandler                        0x080001b7   Thumb Code     0  startup_stm32f407xx.o(.text)
    USART6_IRQHandler                        0x080001b7   Thumb Code     0  startup_stm32f407xx.o(.text)
    WWDG_IRQHandler                          0x080001b7   Thumb Code     0  startup_stm32f407xx.o(.text)
    __scatterload                            0x080001c1   Thumb Code    28  init.o(.text)
    __scatterload_rt2                        0x080001c1   Thumb Code     0  init.o(.text)
    BSP_LED_Init                             0x080001e5   Thumb Code    86  stm32f4_discovery.o(i.BSP_LED_Init)
    BSP_LED_On                               0x08000249   Thumb Code    18  stm32f4_discovery.o(i.BSP_LED_On)
    BSP_SD_DMA_Rx_IRQHandler                 0x08000265   Thumb Code     8  stm32f4_discovery_sd.o(i.BSP_SD_DMA_Rx_IRQHandler)
    BSP_SD_DMA_Tx_IRQHandler                 0x08000271   Thumb Code     8  stm32f4_discovery_sd.o(i.BSP_SD_DMA_Tx_IRQHandler)
    BSP_SD_GetCardInfo                       0x0800027d   Thumb Code     8  stm32f4_discovery_sd.o(i.BSP_SD_GetCardInfo)
    BSP_SD_GetStatus                         0x08000289   Thumb Code     6  stm32f4_discovery_sd.o(i.BSP_SD_GetStatus)
    BSP_SD_IRQHandler                        0x08000295   Thumb Code     6  stm32f4_discovery_sd.o(i.BSP_SD_IRQHandler)
    BSP_SD_Init                              0x080002a1   Thumb Code   368  stm32f4_discovery_sd.o(i.BSP_SD_Init)
    BSP_SD_ReadBlocks                        0x08000431   Thumb Code    30  stm32f4_discovery_sd.o(i.BSP_SD_ReadBlocks)
    BSP_SD_WriteBlocks                       0x08000455   Thumb Code    30  stm32f4_discovery_sd.o(i.BSP_SD_WriteBlocks)
    BSP_UART2_Init                           0x08000479   Thumb Code    42  stm32f4_discovery_misc.o(i.BSP_UART2_Init)
    BusFault_Handler                         0x080004ad   Thumb Code     2  stm32f4xx_it.o(i.BusFault_Handler)
    DMA2_Stream3_IRQHandler                  0x080004af   Thumb Code     4  stm32f4xx_it.o(i.DMA2_Stream3_IRQHandler)
    DMA2_Stream6_IRQHandler                  0x080004b3   Thumb Code     4  stm32f4xx_it.o(i.DMA2_Stream6_IRQHandler)
    DebugMon_Handler                         0x080004b7   Thumb Code     2  stm32f4xx_it.o(i.DebugMon_Handler)
    FATFS_LinkDriver                         0x080004b9   Thumb Code    74  ff_gen_drv.o(i.FATFS_LinkDriver)
    FATFS_UnLinkDriver                       0x08000509   Thumb Code    54  ff_gen_drv.o(i.FATFS_UnLinkDriver)
    HAL_DMA_DeInit                           0x08000545   Thumb Code   120  stm32f4xx_hal_dma.o(i.HAL_DMA_DeInit)
    HAL_DMA_IRQHandler                       0x080005c5   Thumb Code   468  stm32f4xx_hal_dma.o(i.HAL_DMA_IRQHandler)
    HAL_DMA_Init                             0x080007a5   Thumb Code   348  stm32f4xx_hal_dma.o(i.HAL_DMA_Init)
    HAL_Delay                                0x0800090d   Thumb Code    22  stm32f4xx_hal.o(i.HAL_Delay)
    HAL_GPIO_Init                            0x08000925   Thumb Code   546  stm32f4xx_hal_gpio.o(i.HAL_GPIO_Init)
    HAL_GPIO_WritePin                        0x08000b5d   Thumb Code    10  stm32f4xx_hal_gpio.o(i.HAL_GPIO_WritePin)
    HAL_GetREVID                             0x08000b69   Thumb Code     8  stm32f4xx_hal.o(i.HAL_GetREVID)
    HAL_GetTick                              0x08000b75   Thumb Code     6  stm32f4xx_hal.o(i.HAL_GetTick)
    HAL_IncTick                              0x08000b81   Thumb Code    10  stm32f4xx_hal.o(i.HAL_IncTick)
    HAL_Init                                 0x08000b91   Thumb Code    40  stm32f4xx_hal.o(i.HAL_Init)
    HAL_InitTick                             0x08000bbd   Thumb Code    34  stm32f4xx_hal.o(i.HAL_InitTick)
    HAL_MspInit                              0x08000be5   Thumb Code     2  stm32f4xx_hal.o(i.HAL_MspInit)
    HAL_NVIC_EnableIRQ                       0x08000be7   Thumb Code    24  stm32f4xx_hal_cortex.o(i.HAL_NVIC_EnableIRQ)
    HAL_NVIC_SetPriority                     0x08000c01   Thumb Code    96  stm32f4xx_hal_cortex.o(i.HAL_NVIC_SetPriority)
    HAL_NVIC_SetPriorityGrouping             0x08000c65   Thumb Code    30  stm32f4xx_hal_cortex.o(i.HAL_NVIC_SetPriorityGrouping)
    HAL_RCC_ClockConfig                      0x08000c89   Thumb Code   388  stm32f4xx_hal_rcc.o(i.HAL_RCC_ClockConfig)
    HAL_RCC_GetPCLK1Freq                     0x08000e21   Thumb Code    34  stm32f4xx_hal_rcc.o(i.HAL_RCC_GetPCLK1Freq)
    HAL_RCC_GetPCLK2Freq                     0x08000e51   Thumb Code    34  stm32f4xx_hal_rcc.o(i.HAL_RCC_GetPCLK2Freq)
    HAL_RCC_GetSysClockFreq                  0x08000e81   Thumb Code   132  stm32f4xx_hal_rcc.o(i.HAL_RCC_GetSysClockFreq)
    HAL_RCC_OscConfig                        0x08000f15   Thumb Code   836  stm32f4xx_hal_rcc.o(i.HAL_RCC_OscConfig)
    HAL_SD_GetStatus                         0x08001281   Thumb Code    82  stm32f4xx_hal_sd.o(i.HAL_SD_GetStatus)
    HAL_SD_Get_CardInfo                      0x080012d5   Thumb Code   704  stm32f4xx_hal_sd.o(i.HAL_SD_Get_CardInfo)
    HAL_SD_IRQHandler                        0x08001595   Thumb Code   170  stm32f4xx_hal_sd.o(i.HAL_SD_IRQHandler)
    HAL_SD_Init                              0x08001641   Thumb Code   964  stm32f4xx_hal_sd.o(i.HAL_SD_Init)
    HAL_SD_MspInit                           0x08001a09   Thumb Code     2  stm32f4xx_hal_sd.o(i.HAL_SD_MspInit)
    HAL_SD_ReadBlocks                        0x08001a0b   Thumb Code   488  stm32f4xx_hal_sd.o(i.HAL_SD_ReadBlocks)
    HAL_SD_WideBusOperation_Config           0x08001bf3   Thumb Code   312  stm32f4xx_hal_sd.o(i.HAL_SD_WideBusOperation_Config)
    HAL_SD_WriteBlocks                       0x08001d2b   Thumb Code   588  stm32f4xx_hal_sd.o(i.HAL_SD_WriteBlocks)
    HAL_SD_XferCpltCallback                  0x08001f77   Thumb Code     2  stm32f4xx_hal_sd.o(i.HAL_SD_XferCpltCallback)
    HAL_SD_XferErrorCallback                 0x08001f79   Thumb Code     2  stm32f4xx_hal_sd.o(i.HAL_SD_XferErrorCallback)
    HAL_SYSTICK_Config                       0x08001f7d   Thumb Code    38  stm32f4xx_hal_cortex.o(i.HAL_SYSTICK_Config)
    HAL_UART_Init                            0x08001fa9   Thumb Code    98  stm32f4xx_hal_uart.o(i.HAL_UART_Init)
    HAL_UART_MspInit                         0x0800200d   Thumb Code   274  stm32f4xx_hal_msp.o(i.HAL_UART_MspInit)
    HardFault_Handler                        0x08002139   Thumb Code     2  stm32f4xx_it.o(i.HardFault_Handler)
    MemManage_Handler                        0x0800213b   Thumb Code     2  stm32f4xx_it.o(i.MemManage_Handler)
    NMI_Handler                              0x0800213d   Thumb Code     2  stm32f4xx_it.o(i.NMI_Handler)
    PendSV_Handler                           0x0800213f   Thumb Code     2  stm32f4xx_it.o(i.PendSV_Handler)
    SDIO_DataConfig                          0x08002141   Thumb Code    36  stm32f4xx_ll_sdmmc.o(i.SDIO_DataConfig)
    SDIO_GetCommandResponse                  0x08002165   Thumb Code     6  stm32f4xx_ll_sdmmc.o(i.SDIO_GetCommandResponse)
    SDIO_GetPowerState                       0x0800216b   Thumb Code     8  stm32f4xx_ll_sdmmc.o(i.SDIO_GetPowerState)
    SDIO_GetResponse                         0x08002175   Thumb Code    14  stm32f4xx_ll_sdmmc.o(i.SDIO_GetResponse)
    SDIO_IRQHandler                          0x08002189   Thumb Code     4  stm32f4xx_it.o(i.SDIO_IRQHandler)
    SDIO_Init                                0x0800218d   Thumb Code    44  stm32f4xx_ll_sdmmc.o(i.SDIO_Init)
    SDIO_PowerState_ON                       0x080021b9   Thumb Code     8  stm32f4xx_ll_sdmmc.o(i.SDIO_PowerState_ON)
    SDIO_ReadFIFO                            0x080021c1   Thumb Code     6  stm32f4xx_ll_sdmmc.o(i.SDIO_ReadFIFO)
    SDIO_SendCommand                         0x080021c7   Thumb Code    32  stm32f4xx_ll_sdmmc.o(i.SDIO_SendCommand)
    SDIO_WriteFIFO                           0x080021e7   Thumb Code    10  stm32f4xx_ll_sdmmc.o(i.SDIO_WriteFIFO)
    SD_initialize                            0x080025dd   Thumb Code    26  sd_diskio.o(i.SD_initialize)
    SD_ioctl                                 0x080025fd   Thumb Code    78  sd_diskio.o(i.SD_ioctl)
    SD_read                                  0x08002651   Thumb Code    36  sd_diskio.o(i.SD_read)
    SD_status                                0x08002675   Thumb Code    26  sd_diskio.o(i.SD_status)
    SD_write                                 0x08002695   Thumb Code    36  sd_diskio.o(i.SD_write)
    SVC_Handler                              0x080026b9   Thumb Code     2  stm32f4xx_it.o(i.SVC_Handler)
    SysTick_Handler                          0x080026bb   Thumb Code     4  stm32f4xx_it.o(i.SysTick_Handler)
    SystemInit                               0x080026c1   Thumb Code    64  system_stm32f4xx.o(i.SystemInit)
    UsageFault_Handler                       0x08002a5d   Thumb Code     2  stm32f4xx_it.o(i.UsageFault_Handler)
    __0printf$bare                           0x08002a61   Thumb Code     8  printfb.o(i.__0printf$bare)
    __1printf$bare                           0x08002a61   Thumb Code     0  printfb.o(i.__0printf$bare)
    __2printf                                0x08002a61   Thumb Code     0  printfb.o(i.__0printf$bare)
    __scatterload_copy                       0x08002a71   Thumb Code    14  handlers.o(i.__scatterload_copy)
    __scatterload_null                       0x08002a7f   Thumb Code     2  handlers.o(i.__scatterload_null)
    __scatterload_zeroinit                   0x08002a81   Thumb Code    14  handlers.o(i.__scatterload_zeroinit)
    disk_initialize                          0x08002e99   Thumb Code    36  diskio.o(i.disk_initialize)
    disk_ioctl                               0x08002ec1   Thumb Code    22  diskio.o(i.disk_ioctl)
    disk_read                                0x08002edd   Thumb Code    28  diskio.o(i.disk_read)
    disk_status                              0x08002efd   Thumb Code    18  diskio.o(i.disk_status)
    disk_write                               0x08002f15   Thumb Code    28  diskio.o(i.disk_write)
    f_close                                  0x08002f35   Thumb Code    88  ff.o(i.f_close)
    f_mkfs                                   0x08002f91   Thumb Code  1416  ff.o(i.f_mkfs)
    f_mount                                  0x08003519   Thumb Code   126  ff.o(i.f_mount)
    f_open                                   0x080035a1   Thumb Code   558  ff.o(i.f_open)
    f_read                                   0x080037d5   Thumb Code   464  ff.o(i.f_read)
    f_sync                                   0x080039a5   Thumb Code   208  ff.o(i.f_sync)
    f_write                                  0x08003a75   Thumb Code   534  ff.o(i.f_write)
    fputc                                    0x0800422d   Thumb Code    18  main.o(i.fputc)
    get_fat                                  0x08004245   Thumb Code   192  ff.o(i.get_fat)
    get_fattime                              0x08004305   Thumb Code     4  diskio.o(i.get_fattime)
    main                                     0x080043b9   Thumb Code   378  main.o(i.main)
    put_fat                                  0x08004623   Thumb Code   274  ff.o(i.put_fat)
    BUTTON_IRQn                              0x080048f8   Data           1  stm32f4_discovery.o(.constdata)
    BUTTON_PIN                               0x080048fa   Data           2  stm32f4_discovery.o(.constdata)
    GPIO_PIN                                 0x080048fc   Data           8  stm32f4_discovery.o(.constdata)
    SD_Driver                                0x080049b0   Data          20  sd_diskio.o(.constdata)
    APBAHBPrescTable                         0x080049cc   Data          16  stm32f4xx_hal_rcc.o(.constdata)
    Region$$Table$$Base                      0x080049dc   Number         0  anon$$obj.o(Region$$Table)
    Region$$Table$$Limit                     0x080049fc   Number         0  anon$$obj.o(Region$$Table)
    BUTTON_PORT                              0x20000000   Data           4  stm32f4_discovery.o(.data)
    I2cxTimeout                              0x20000004   Data           4  stm32f4_discovery.o(.data)
    SpixTimeout                              0x20000008   Data           4  stm32f4_discovery.o(.data)
    GPIO_PORT                                0x2000000c   Data          16  stm32f4_discovery.o(.data)
    SDPath                                   0x20000024   Data           4  main.o(.data)
    uwTick                                   0x2000002c   Data           4  stm32f4xx_hal.o(.data)
    SystemCoreClock                          0x20000030   Data           4  system_stm32f4xx.o(.data)
    AHBPrescTable                            0x20000034   Data          16  system_stm32f4xx.o(.data)
    __stdout                                 0x20000044   Data           4  stdout.o(.data)
    UartHandle                               0x200001c0   Data          64  stm32f4_discovery_misc.o(.bss)
    disk                                     0x20000218   Data          12  ff_gen_drv.o(.bss)
    SDFatFs                                  0x20000224   Data         560  main.o(.bss)
    MyFile                                   0x20000454   Data         556  main.o(.bss)
    __initial_sp                             0x20000c00   Data           0  startup_stm32f407xx.o(STACK)



==============================================================================

Memory Map of the image

  Image Entry point : 0x08000189

  Load Region LR_IROM1 (Base: 0x08000000, Size: 0x00004a44, Max: 0x00100000, ABSOLUTE)

    Execution Region ER_IROM1 (Base: 0x08000000, Size: 0x000049fc, Max: 0x00100000, ABSOLUTE)

    Base Addr    Size         Type   Attr      Idx    E Section Name        Object

    0x08000000   0x00000188   Data   RO          966    RESET               startup_stm32f407xx.o
    0x08000188   0x00000000   Code   RO         5120  * .ARM.Collect$$$$00000000  mc_w.l(entry.o)
    0x08000188   0x00000004   Code   RO         5383    .ARM.Collect$$$$00000001  mc_w.l(entry2.o)
    0x0800018c   0x00000004   Code   RO         5386    .ARM.Collect$$$$00000004  mc_w.l(entry5.o)
    0x08000190   0x00000000   Code   RO         5388    .ARM.Collect$$$$00000008  mc_w.l(entry7b.o)
    0x08000190   0x00000000   Code   RO         5390    .ARM.Collect$$$$0000000A  mc_w.l(entry8b.o)
    0x08000190   0x00000008   Code   RO         5391    .ARM.Collect$$$$0000000B  mc_w.l(entry9a.o)
    0x08000198   0x00000000   Code   RO         5393    .ARM.Collect$$$$0000000D  mc_w.l(entry10a.o)
    0x08000198   0x00000000   Code   RO         5395    .ARM.Collect$$$$0000000F  mc_w.l(entry11a.o)
    0x08000198   0x00000004   Code   RO         5384    .ARM.Collect$$$$00002712  mc_w.l(entry2.o)
    0x0800019c   0x00000024   Code   RO          967    .text               startup_stm32f407xx.o
    0x080001c0   0x00000024   Code   RO         5413    .text               mc_w.l(init.o)
    0x080001e4   0x00000064   Code   RO           13    i.BSP_LED_Init      stm32f4_discovery.o
    0x08000248   0x0000001c   Code   RO           15    i.BSP_LED_On        stm32f4_discovery.o
    0x08000264   0x0000000c   Code   RO          244    i.BSP_SD_DMA_Rx_IRQHandler  stm32f4_discovery_sd.o
    0x08000270   0x0000000c   Code   RO          245    i.BSP_SD_DMA_Tx_IRQHandler  stm32f4_discovery_sd.o
    0x0800027c   0x0000000c   Code   RO          247    i.BSP_SD_GetCardInfo  stm32f4_discovery_sd.o
    0x08000288   0x0000000c   Code   RO          248    i.BSP_SD_GetStatus  stm32f4_discovery_sd.o
    0x08000294   0x0000000c   Code   RO          249    i.BSP_SD_IRQHandler  stm32f4_discovery_sd.o
    0x080002a0   0x00000190   Code   RO          250    i.BSP_SD_Init       stm32f4_discovery_sd.o
    0x08000430   0x00000024   Code   RO          251    i.BSP_SD_ReadBlocks  stm32f4_discovery_sd.o
    0x08000454   0x00000024   Code   RO          253    i.BSP_SD_WriteBlocks  stm32f4_discovery_sd.o
    0x08000478   0x00000034   Code   RO          333    i.BSP_UART2_Init    stm32f4_discovery_misc.o
    0x080004ac   0x00000002   Code   RO          784    i.BusFault_Handler  stm32f4xx_it.o
    0x080004ae   0x00000004   Code   RO          785    i.DMA2_Stream3_IRQHandler  stm32f4xx_it.o
    0x080004b2   0x00000004   Code   RO          786    i.DMA2_Stream6_IRQHandler  stm32f4xx_it.o
    0x080004b6   0x00000002   Code   RO          787    i.DebugMon_Handler  stm32f4xx_it.o
    0x080004b8   0x00000050   Code   RO          701    i.FATFS_LinkDriver  ff_gen_drv.o
    0x08000508   0x0000003c   Code   RO          703    i.FATFS_UnLinkDriver  ff_gen_drv.o
    0x08000544   0x00000080   Code   RO         1457    i.HAL_DMA_DeInit    stm32f4xx_hal_dma.o
    0x080005c4   0x000001e0   Code   RO         1460    i.HAL_DMA_IRQHandler  stm32f4xx_hal_dma.o
    0x080007a4   0x00000168   Code   RO         1461    i.HAL_DMA_Init      stm32f4xx_hal_dma.o
    0x0800090c   0x00000016   Code   RO          981    i.HAL_Delay         stm32f4xx_hal.o
    0x08000922   0x00000002   PAD
    0x08000924   0x00000238   Code   RO         1844    i.HAL_GPIO_Init     stm32f4xx_hal_gpio.o
    0x08000b5c   0x0000000a   Code   RO         1848    i.HAL_GPIO_WritePin  stm32f4xx_hal_gpio.o
    0x08000b66   0x00000002   PAD
    0x08000b68   0x0000000c   Code   RO          986    i.HAL_GetREVID      stm32f4xx_hal.o
    0x08000b74   0x0000000c   Code   RO          987    i.HAL_GetTick       stm32f4xx_hal.o
    0x08000b80   0x00000010   Code   RO          988    i.HAL_IncTick       stm32f4xx_hal.o
    0x08000b90   0x0000002c   Code   RO          989    i.HAL_Init          stm32f4xx_hal.o
    0x08000bbc   0x00000028   Code   RO          990    i.HAL_InitTick      stm32f4xx_hal.o
    0x08000be4   0x00000002   Code   RO          992    i.HAL_MspInit       stm32f4xx_hal.o
    0x08000be6   0x00000018   Code   RO         1196    i.HAL_NVIC_EnableIRQ  stm32f4xx_hal_cortex.o
    0x08000bfe   0x00000002   PAD
    0x08000c00   0x00000064   Code   RO         1202    i.HAL_NVIC_SetPriority  stm32f4xx_hal_cortex.o
    0x08000c64   0x00000024   Code   RO         1203    i.HAL_NVIC_SetPriorityGrouping  stm32f4xx_hal_cortex.o
    0x08000c88   0x00000198   Code   RO         2726    i.HAL_RCC_ClockConfig  stm32f4xx_hal_rcc.o
    0x08000e20   0x00000030   Code   RO         2733    i.HAL_RCC_GetPCLK1Freq  stm32f4xx_hal_rcc.o
    0x08000e50   0x00000030   Code   RO         2734    i.HAL_RCC_GetPCLK2Freq  stm32f4xx_hal_rcc.o
    0x08000e80   0x00000094   Code   RO         2735    i.HAL_RCC_GetSysClockFreq  stm32f4xx_hal_rcc.o
    0x08000f14   0x0000036c   Code   RO         2738    i.HAL_RCC_OscConfig  stm32f4xx_hal_rcc.o
    0x08001280   0x00000052   Code   RO         3293    i.HAL_SD_GetStatus  stm32f4xx_hal_sd.o
    0x080012d2   0x00000002   PAD
    0x080012d4   0x000002c0   Code   RO         3294    i.HAL_SD_Get_CardInfo  stm32f4xx_hal_sd.o
    0x08001594   0x000000aa   Code   RO         3296    i.HAL_SD_IRQHandler  stm32f4xx_hal_sd.o
    0x0800163e   0x00000002   PAD
    0x08001640   0x000003c8   Code   RO         3297    i.HAL_SD_Init       stm32f4xx_hal_sd.o
    0x08001a08   0x00000002   Code   RO         3299    i.HAL_SD_MspInit    stm32f4xx_hal_sd.o
    0x08001a0a   0x000001e8   Code   RO         3300    i.HAL_SD_ReadBlocks  stm32f4xx_hal_sd.o
    0x08001bf2   0x00000138   Code   RO         3304    i.HAL_SD_WideBusOperation_Config  stm32f4xx_hal_sd.o
    0x08001d2a   0x0000024c   Code   RO         3305    i.HAL_SD_WriteBlocks  stm32f4xx_hal_sd.o
    0x08001f76   0x00000002   Code   RO         3307    i.HAL_SD_XferCpltCallback  stm32f4xx_hal_sd.o
    0x08001f78   0x00000002   Code   RO         3308    i.HAL_SD_XferErrorCallback  stm32f4xx_hal_sd.o
    0x08001f7a   0x00000002   PAD
    0x08001f7c   0x0000002c   Code   RO         1207    i.HAL_SYSTICK_Config  stm32f4xx_hal_cortex.o
    0x08001fa8   0x00000062   Code   RO         4685    i.HAL_UART_Init     stm32f4xx_hal_uart.o
    0x0800200a   0x00000002   PAD
    0x0800200c   0x0000012c   Code   RO          878    i.HAL_UART_MspInit  stm32f4xx_hal_msp.o
    0x08002138   0x00000002   Code   RO          788    i.HardFault_Handler  stm32f4xx_it.o
    0x0800213a   0x00000002   Code   RO          789    i.MemManage_Handler  stm32f4xx_it.o
    0x0800213c   0x00000002   Code   RO          790    i.NMI_Handler       stm32f4xx_it.o
    0x0800213e   0x00000002   Code   RO          791    i.PendSV_Handler    stm32f4xx_it.o
    0x08002140   0x00000024   Code   RO         4973    i.SDIO_DataConfig   stm32f4xx_ll_sdmmc.o
    0x08002164   0x00000006   Code   RO         4974    i.SDIO_GetCommandResponse  stm32f4xx_ll_sdmmc.o
    0x0800216a   0x00000008   Code   RO         4977    i.SDIO_GetPowerState  stm32f4xx_ll_sdmmc.o
    0x08002172   0x00000002   PAD
    0x08002174   0x00000014   Code   RO         4978    i.SDIO_GetResponse  stm32f4xx_ll_sdmmc.o
    0x08002188   0x00000004   Code   RO          792    i.SDIO_IRQHandler   stm32f4xx_it.o
    0x0800218c   0x0000002c   Code   RO         4979    i.SDIO_Init         stm32f4xx_ll_sdmmc.o
    0x080021b8   0x00000008   Code   RO         4981    i.SDIO_PowerState_ON  stm32f4xx_ll_sdmmc.o
    0x080021c0   0x00000006   Code   RO         4982    i.SDIO_ReadFIFO     stm32f4xx_ll_sdmmc.o
    0x080021c6   0x00000020   Code   RO         4983    i.SDIO_SendCommand  stm32f4xx_ll_sdmmc.o
    0x080021e6   0x0000000a   Code   RO         4985    i.SDIO_WriteFIFO    stm32f4xx_ll_sdmmc.o
    0x080021f0   0x00000114   Code   RO         3309    i.SD_CmdResp1Error  stm32f4xx_hal_sd.o
    0x08002304   0x00000142   Code   RO         3314    i.SD_FindSCR        stm32f4xx_hal_sd.o
    0x08002446   0x00000002   PAD
    0x08002448   0x00000194   Code   RO         3315    i.SD_IsCardProgramming  stm32f4xx_hal_sd.o
    0x080025dc   0x00000020   Code   RO          908    i.SD_initialize     sd_diskio.o
    0x080025fc   0x00000054   Code   RO          909    i.SD_ioctl          sd_diskio.o
    0x08002650   0x00000024   Code   RO          910    i.SD_read           sd_diskio.o
    0x08002674   0x00000020   Code   RO          911    i.SD_status         sd_diskio.o
    0x08002694   0x00000024   Code   RO          912    i.SD_write          sd_diskio.o
    0x080026b8   0x00000002   Code   RO          793    i.SVC_Handler       stm32f4xx_it.o
    0x080026ba   0x00000004   Code   RO          794    i.SysTick_Handler   stm32f4xx_it.o
    0x080026be   0x00000002   PAD
    0x080026c0   0x00000058   Code   RO         5088    i.SystemInit        system_stm32f4xx.o
    0x08002718   0x00000344   Code   RO         4704    i.UART_SetConfig    stm32f4xx_hal_uart.o
    0x08002a5c   0x00000002   Code   RO          795    i.UsageFault_Handler  stm32f4xx_it.o
    0x08002a5e   0x00000002   PAD
    0x08002a60   0x00000010   Code   RO         5124    i.__0printf$bare    mc_w.l(printfb.o)
    0x08002a70   0x0000000e   Code   RO         5425    i.__scatterload_copy  mc_w.l(handlers.o)
    0x08002a7e   0x00000002   Code   RO         5426    i.__scatterload_null  mc_w.l(handlers.o)
    0x08002a80   0x0000000e   Code   RO         5427    i.__scatterload_zeroinit  mc_w.l(handlers.o)
    0x08002a8e   0x00000022   Code   RO         5131    i._printf_core      mc_w.l(printfb.o)
    0x08002ab0   0x000000c4   Code   RO          442    i.create_chain      ff.o
    0x08002b74   0x000001c2   Code   RO          443    i.dir_next          ff.o
    0x08002d36   0x00000002   PAD
    0x08002d38   0x000000a4   Code   RO          444    i.dir_register      ff.o
    0x08002ddc   0x000000ba   Code   RO          445    i.dir_sdi           ff.o
    0x08002e96   0x00000002   PAD
    0x08002e98   0x00000028   Code   RO          386    i.disk_initialize   diskio.o
    0x08002ec0   0x0000001c   Code   RO          387    i.disk_ioctl        diskio.o
    0x08002edc   0x00000020   Code   RO          388    i.disk_read         diskio.o
    0x08002efc   0x00000018   Code   RO          389    i.disk_status       diskio.o
    0x08002f14   0x00000020   Code   RO          390    i.disk_write        diskio.o
    0x08002f34   0x0000005c   Code   RO          447    i.f_close           ff.o
    0x08002f90   0x00000588   Code   RO          453    i.f_mkfs            ff.o
    0x08003518   0x00000088   Code   RO          454    i.f_mount           ff.o
    0x080035a0   0x00000234   Code   RO          455    i.f_open            ff.o
    0x080037d4   0x000001d0   Code   RO          460    i.f_read            ff.o
    0x080039a4   0x000000d0   Code   RO          464    i.f_sync            ff.o
    0x08003a74   0x00000216   Code   RO          468    i.f_write           ff.o
    0x08003c8a   0x00000002   PAD
    0x08003c8c   0x0000039c   Code   RO          469    i.find_volume       ff.o
    0x08004028   0x00000204   Code   RO          470    i.follow_path       ff.o
    0x0800422c   0x00000018   Code   RO          750    i.fputc             main.o
    0x08004244   0x000000c0   Code   RO          471    i.get_fat           ff.o
    0x08004304   0x00000004   Code   RO          391    i.get_fattime       diskio.o
    0x08004308   0x000000b0   Code   RO          472    i.inc_lock          ff.o
    0x080043b8   0x000001d8   Code   RO          751    i.main              main.o
    0x08004590   0x00000030   Code   RO          473    i.mem_cpy           ff.o
    0x080045c0   0x00000028   Code   RO          474    i.mem_set           ff.o
    0x080045e8   0x0000003a   Code   RO          475    i.move_window       ff.o
    0x08004622   0x00000112   Code   RO          476    i.put_fat           ff.o
    0x08004734   0x00000072   Code   RO          478    i.remove_chain      ff.o
    0x080047a6   0x000000ba   Code   RO          479    i.sync_fs           ff.o
    0x08004860   0x00000064   Code   RO          480    i.sync_window       ff.o
    0x080048c4   0x00000034   Code   RO          481    i.validate          ff.o
    0x080048f8   0x0000000c   Data   RO           22    .constdata          stm32f4_discovery.o
    0x08004904   0x000000ac   Data   RO          483    .constdata          ff.o
    0x080049b0   0x00000014   Data   RO          913    .constdata          sd_diskio.o
    0x080049c4   0x00000008   Data   RO         1467    .constdata          stm32f4xx_hal_dma.o
    0x080049cc   0x00000010   Data   RO         2739    .constdata          stm32f4xx_hal_rcc.o
    0x080049dc   0x00000020   Data   RO         5423    Region$$Table       anon$$obj.o


    Execution Region RW_IRAM1 (Base: 0x20000000, Size: 0x00000c00, Max: 0x00020000, ABSOLUTE)

    Base Addr    Size         Type   Attr      Idx    E Section Name        Object

    0x20000000   0x0000001c   Data   RW           23    .data               stm32f4_discovery.o
    0x2000001c   0x00000008   Data   RW          484    .data               ff.o
    0x20000024   0x00000004   Data   RW          753    .data               main.o
    0x20000028   0x00000001   Data   RW          914    .data               sd_diskio.o
    0x20000029   0x00000003   PAD
    0x2000002c   0x00000004   Data   RW          995    .data               stm32f4xx_hal.o
    0x20000030   0x00000014   Data   RW         5089    .data               system_stm32f4xx.o
    0x20000044   0x00000004   Data   RW         5397    .data               mc_w.l(stdout.o)
    0x20000048   0x00000178   Zero   RW          255    .bss                stm32f4_discovery_sd.o
    0x200001c0   0x00000040   Zero   RW          334    .bss                stm32f4_discovery_misc.o
    0x20000200   0x00000018   Zero   RW          482    .bss                ff.o
    0x20000218   0x0000000c   Zero   RW          705    .bss                ff_gen_drv.o
    0x20000224   0x0000045c   Zero   RW          752    .bss                main.o
    0x20000680   0x00000180   Zero   RW          879    .bss                stm32f4xx_hal_msp.o
    0x20000800   0x00000400   Zero   RW          964    STACK               startup_stm32f407xx.o


==============================================================================

Image component sizes


      Code (inc. data)   RO Data    RW Data    ZI Data      Debug   Object Name

       160         24          0          0          0       4687   diskio.o
      7090        142        172          8         24      34817   ff.o
       140         12          0          0         12       2721   ff_gen_drv.o
       496        100          0          4       1116       2499   main.o
       220         18         20          1          0       4832   sd_diskio.o
        36          8        392          0       1024        844   startup_stm32f407xx.o
       128         24         12         28          0     327452   stm32f4_discovery.o
        52         10          0          0         64       6304   stm32f4_discovery_misc.o
       532         68          0          0        376       5841   stm32f4_discovery_sd.o
       148         26          0          4          0       5824   stm32f4xx_hal.o
       204         16          0          0          0      30327   stm32f4xx_hal_cortex.o
       968         32          8          0          0       4389   stm32f4xx_hal_dma.o
       578         22          0          0          0       2660   stm32f4xx_hal_gpio.o
       300         26          0          0        384       1784   stm32f4xx_hal_msp.o
      1528        104         16          0          0       6015   stm32f4xx_hal_rcc.o
      4320         14          0          0          0      22739   stm32f4xx_hal_sd.o
       934         14          0          0          0       2472   stm32f4xx_hal_uart.o
        32          0          0          0          0       5980   stm32f4xx_it.o
       170          6          0          0          0       6777   stm32f4xx_ll_sdmmc.o
        88         24          0         20          0       1241   system_stm32f4xx.o

    ----------------------------------------------------------------------
     18152        690        652         68       3000     480205   Object Totals
         0          0         32          0          0          0   (incl. Generated)
        28          0          0          3          0          0   (incl. Padding)

    ----------------------------------------------------------------------

      Code (inc. data)   RO Data    RW Data    ZI Data      Debug   Library Member Name

         0          0          0          0          0          0   entry.o
         0          0          0          0          0          0   entry10a.o
         0          0          0          0          0          0   entry11a.o
         8          4          0          0          0          0   entry2.o
         4          0          0          0          0          0   entry5.o
         0          0          0          0          0          0   entry7b.o
         0          0          0          0          0          0   entry8b.o
         8          4          0          0          0          0   entry9a.o
        30          0          0          0          0          0   handlers.o
        36          8          0          0          0         68   init.o
        50          8          0          0          0        152   printfb.o
         0          0          0          4          0          0   stdout.o

    ----------------------------------------------------------------------
       136         24          0          4          0        220   Library Totals
         0          0          0          0          0          0   (incl. Padding)

    ----------------------------------------------------------------------

      Code (inc. data)   RO Data    RW Data    ZI Data      Debug   Library Name

       136         24          0          4          0        220   mc_w.l

    ----------------------------------------------------------------------
       136         24          0          4          0        220   Library Totals

    ----------------------------------------------------------------------

==============================================================================


      Code (inc. data)   RO Data    RW Data    ZI Data      Debug   

     18288        714        652         72       3000     470477   Grand Totals
     18288        714        652         72       3000     470477   ELF Image Totals
     18288        714        652         72          0          0   ROM Totals

==============================================================================

    Total RO  Size (Code + RO Data)                18940 (  18.50kB)
    Total RW  Size (RW Data + ZI Data)              3072 (   3.00kB)
    Total ROM Size (Code + RO Data + RW Data)      19012 (  18.57kB)

==============================================================================

